<html>
<body>
<pre>
<h1>µVision Build Log</h1>
<h2>Tool Versions:</h2>
IDE-Version: ¦ÌVision V5.23.0.0
Copyright (C) 2017 ARM Ltd and ARM Germany GmbH. All rights reserved.
License Information: 1 1, 1, LIC=TIV9U-SJ7KF-1PTZ5-G760U-LE2BY-N1HVB
 
Tool Versions:
Toolchain:       MDK-ARM Plus  Version: 5.23
Toolchain Path:  D:\Keil_v5\ARM\ARMCC\Bin
C Compiler:      Armcc.exe V5.06 update 4 (build 422)
Assembler:       Armasm.exe V5.06 update 4 (build 422)
Linker/Locator:  ArmLink.exe V5.06 update 4 (build 422)
Library Manager: ArmAr.exe V5.06 update 4 (build 422)
Hex Converter:   FromElf.exe V5.06 update 4 (build 422)
CPU DLL:         SARMCM3.DLL V5.23
Dialog DLL:      DCM.DLL V1.15.0.0
Target DLL:      STLink\ST-LINKIII-KEIL_SWO.dll V2.0.18.0
Dialog DLL:      TCM.DLL V1.27.0.0
 
<h2>Project:</h2>
E:\01.repository\03.CA100\F769_UART_TEMPLATE\MDK-ARM\F769_Lwip.uvprojx
Project File Date:  09/27/2018

<h2>Output:</h2>
*** Using Compiler 'V5.06 update 4 (build 422)', folder: 'D:\Keil_v5\ARM\ARMCC\Bin'
Build target 'F769_Lwip'
compiling applicationTask.c...
..\ApplicationTask\applicationTask.c(68): warning:  #111-D: statement is unreachable
  			netconn_close(conn);
..\ApplicationTask\applicationTask.c(23): warning:  #177-D: variable "buf"  was declared but never referenced
    struct netbuf *buf;
..\ApplicationTask\applicationTask.c(24): warning:  #177-D: variable "data"  was declared but never referenced
    void *data;
..\ApplicationTask\applicationTask.c(25): warning:  #177-D: variable "len"  was declared but never referenced
    u16_t len,clientPort;
..\ApplicationTask\applicationTask.c: 4 warnings, 0 errors
linking...
Program Size: Code=58876 RO-data=1260 RW-data=356 ZI-data=101796  
FromELF: creating hex file...
"F769_Lwip\F769_Lwip.axf" - 0 Error(s), 4 Warning(s).

<h2>Software Packages used:</h2>

Package Vendor: ARM
                http://www.keil.com/pack/ARM.CMSIS.5.4.0.pack
                ARM::CMSIS:CORE:5.1.2
                CMSIS (Cortex Microcontroller Software Interface Standard)
   * Component: CORE Version: 5.1.2

<h2>Collection of Component include folders:</h2>
  .\RTE\_F769_Lwip
  D:\Keil_v5\ARM\PACK\ARM\CMSIS\5.4.0\CMSIS\Core\Include
  D:\Keil_v5\ARM\PACK\Keil\STM32F7xx_DFP\2.11.0\Drivers\CMSIS\Device\ST\STM32F7xx\Include

<h2>Collection of Component Files used:</h2>

   * Component: ARM::CMSIS:CORE:5.1.2
Build Time Elapsed:  00:00:13
</pre>
</body>
</html>
