Component: ARM Compiler 5.06 update 4 (build 422) Tool: armlink [4d35d2]

==============================================================================

Section Cross References

    startup_stm32f769xx.o(RESET) refers to startup_stm32f769xx.o(STACK) for __initial_sp
    startup_stm32f769xx.o(RESET) refers to startup_stm32f769xx.o(.text) for Reset_Handler
    startup_stm32f769xx.o(RESET) refers to port.o(.emb_text) for SVC_Handler
    startup_stm32f769xx.o(RESET) refers to stm32f7xx_it.o(i.SysTick_Handler) for SysTick_Handler
    startup_stm32f769xx.o(RESET) refers to stm32f7xx_it.o(i.USART1_IRQHandler) for USART1_IRQHandler
    startup_stm32f769xx.o(RESET) refers to stm32f7xx_it.o(i.TIM6_DAC_IRQHandler) for TIM6_DAC_IRQHandler
    startup_stm32f769xx.o(RESET) refers to stm32f7xx_it.o(i.DMA2_Stream2_IRQHandler) for DMA2_Stream2_IRQHandler
    startup_stm32f769xx.o(RESET) refers to stm32f7xx_it.o(i.ETH_IRQHandler) for ETH_IRQHandler
    startup_stm32f769xx.o(RESET) refers to stm32f7xx_it.o(i.DMA2_Stream7_IRQHandler) for DMA2_Stream7_IRQHandler
    startup_stm32f769xx.o(.text) refers to system_stm32f7xx.o(i.SystemInit) for SystemInit
    startup_stm32f769xx.o(.text) refers to entry.o(.ARM.Collect$$$$00000000) for __main
    main.o(i.HAL_TIM_PeriodElapsedCallback) refers to stm32f7xx_hal.o(i.HAL_IncTick) for HAL_IncTick
    main.o(i.SystemClock_Config) refers to stm32f7xx_hal_rcc.o(i.HAL_RCC_OscConfig) for HAL_RCC_OscConfig
    main.o(i.SystemClock_Config) refers to stm32f7xx_hal_rcc.o(i.HAL_RCC_ClockConfig) for HAL_RCC_ClockConfig
    main.o(i.SystemClock_Config) refers to stm32f7xx_hal_rcc_ex.o(i.HAL_RCCEx_PeriphCLKConfig) for HAL_RCCEx_PeriphCLKConfig
    main.o(i.SystemClock_Config) refers to stm32f7xx_hal_rcc.o(i.HAL_RCC_GetHCLKFreq) for HAL_RCC_GetHCLKFreq
    main.o(i.SystemClock_Config) refers to stm32f7xx_hal_cortex.o(i.HAL_SYSTICK_Config) for HAL_SYSTICK_Config
    main.o(i.SystemClock_Config) refers to stm32f7xx_hal_cortex.o(i.HAL_SYSTICK_CLKSourceConfig) for HAL_SYSTICK_CLKSourceConfig
    main.o(i.SystemClock_Config) refers to stm32f7xx_hal_cortex.o(i.HAL_NVIC_SetPriority) for HAL_NVIC_SetPriority
    main.o(i.main) refers to stm32f7xx_hal.o(i.HAL_Init) for HAL_Init
    main.o(i.main) refers to main.o(i.SystemClock_Config) for SystemClock_Config
    main.o(i.main) refers to gpio.o(i.MX_GPIO_Init) for MX_GPIO_Init
    main.o(i.main) refers to dma.o(i.MX_DMA_Init) for MX_DMA_Init
    main.o(i.main) refers to usart.o(i.MX_USART1_UART_Init) for MX_USART1_UART_Init
    main.o(i.main) refers to printf3.o(i.__0printf$3) for __2printf
    main.o(i.main) refers to freertos.o(i.MX_FREERTOS_Init) for MX_FREERTOS_Init
    main.o(i.main) refers to cmsis_os.o(i.osKernelStart) for osKernelStart
    gpio.o(i.MX_GPIO_Init) refers to stm32f7xx_hal_gpio.o(i.HAL_GPIO_Init) for HAL_GPIO_Init
    dma.o(i.MX_DMA_Init) refers to stm32f7xx_hal_cortex.o(i.HAL_NVIC_SetPriority) for HAL_NVIC_SetPriority
    dma.o(i.MX_DMA_Init) refers to stm32f7xx_hal_cortex.o(i.HAL_NVIC_EnableIRQ) for HAL_NVIC_EnableIRQ
    freertos.o(i.MX_FREERTOS_Init) refers to memcpya.o(.text) for __aeabi_memcpy4
    freertos.o(i.MX_FREERTOS_Init) refers to cmsis_os.o(i.osThreadCreate) for osThreadCreate
    freertos.o(i.MX_FREERTOS_Init) refers to applicationtask.o(i.creatOsTask) for creatOsTask
    freertos.o(i.MX_FREERTOS_Init) refers to freertos.o(.constdata) for .constdata
    freertos.o(i.MX_FREERTOS_Init) refers to freertos.o(.data) for .data
    freertos.o(i.StartDefaultTask) refers to lwip.o(i.MX_LWIP_Init) for MX_LWIP_Init
    freertos.o(i.StartDefaultTask) refers to cmsis_os.o(i.osDelay) for osDelay
    freertos.o(.constdata) refers to freertos.o(.conststring) for .conststring
    freertos.o(.constdata) refers to freertos.o(i.StartDefaultTask) for StartDefaultTask
    lwip.o(i.MX_LWIP_Init) refers to tcpip.o(i.tcpip_init) for tcpip_init
    lwip.o(i.MX_LWIP_Init) refers to netif.o(i.netif_add) for netif_add
    lwip.o(i.MX_LWIP_Init) refers to netif.o(i.netif_set_default) for netif_set_default
    lwip.o(i.MX_LWIP_Init) refers to netif.o(i.netif_set_up) for netif_set_up
    lwip.o(i.MX_LWIP_Init) refers to netif.o(i.netif_set_down) for netif_set_down
    lwip.o(i.MX_LWIP_Init) refers to lwip.o(.data) for .data
    lwip.o(i.MX_LWIP_Init) refers to tcpip.o(i.tcpip_input) for tcpip_input
    lwip.o(i.MX_LWIP_Init) refers to ethernetif.o(i.ethernetif_init) for ethernetif_init
    lwip.o(i.MX_LWIP_Init) refers to lwip.o(.bss) for .bss
    ethernetif.o(i.HAL_ETH_MspDeInit) refers to stm32f7xx_hal_gpio.o(i.HAL_GPIO_DeInit) for HAL_GPIO_DeInit
    ethernetif.o(i.HAL_ETH_MspDeInit) refers to stm32f7xx_hal_cortex.o(i.HAL_NVIC_DisableIRQ) for HAL_NVIC_DisableIRQ
    ethernetif.o(i.HAL_ETH_MspInit) refers to stm32f7xx_hal_gpio.o(i.HAL_GPIO_Init) for HAL_GPIO_Init
    ethernetif.o(i.HAL_ETH_MspInit) refers to stm32f7xx_hal_cortex.o(i.HAL_NVIC_SetPriority) for HAL_NVIC_SetPriority
[...]
    SPI6_IRQHandler                          0x080002e3   Thumb Code     0  startup_stm32f769xx.o(.text)
    TAMP_STAMP_IRQHandler                    0x080002e3   Thumb Code     0  startup_stm32f769xx.o(.text)
    TIM1_BRK_TIM9_IRQHandler                 0x080002e3   Thumb Code     0  startup_stm32f769xx.o(.text)
    TIM1_CC_IRQHandler                       0x080002e3   Thumb Code     0  startup_stm32f769xx.o(.text)
    TIM1_TRG_COM_TIM11_IRQHandler            0x080002e3   Thumb Code     0  startup_stm32f769xx.o(.text)
    TIM1_UP_TIM10_IRQHandler                 0x080002e3   Thumb Code     0  startup_stm32f769xx.o(.text)
    TIM2_IRQHandler                          0x080002e3   Thumb Code     0  startup_stm32f769xx.o(.text)
    TIM3_IRQHandler                          0x080002e3   Thumb Code     0  startup_stm32f769xx.o(.text)
    TIM4_IRQHandler                          0x080002e3   Thumb Code     0  startup_stm32f769xx.o(.text)
    TIM5_IRQHandler                          0x080002e3   Thumb Code     0  startup_stm32f769xx.o(.text)
    TIM7_IRQHandler                          0x080002e3   Thumb Code     0  startup_stm32f769xx.o(.text)
    TIM8_BRK_TIM12_IRQHandler                0x080002e3   Thumb Code     0  startup_stm32f769xx.o(.text)
    TIM8_CC_IRQHandler                       0x080002e3   Thumb Code     0  startup_stm32f769xx.o(.text)
    TIM8_TRG_COM_TIM14_IRQHandler            0x080002e3   Thumb Code     0  startup_stm32f769xx.o(.text)
    TIM8_UP_TIM13_IRQHandler                 0x080002e3   Thumb Code     0  startup_stm32f769xx.o(.text)
    UART4_IRQHandler                         0x080002e3   Thumb Code     0  startup_stm32f769xx.o(.text)
    UART5_IRQHandler                         0x080002e3   Thumb Code     0  startup_stm32f769xx.o(.text)
    UART7_IRQHandler                         0x080002e3   Thumb Code     0  startup_stm32f769xx.o(.text)
    UART8_IRQHandler                         0x080002e3   Thumb Code     0  startup_stm32f769xx.o(.text)
    USART2_IRQHandler                        0x080002e3   Thumb Code     0  startup_stm32f769xx.o(.text)
    USART3_IRQHandler                        0x080002e3   Thumb Code     0  startup_stm32f769xx.o(.text)
    USART6_IRQHandler                        0x080002e3   Thumb Code     0  startup_stm32f769xx.o(.text)
    WWDG_IRQHandler                          0x080002e3   Thumb Code     0  startup_stm32f769xx.o(.text)
    __aeabi_uldivmod                         0x080002ed   Thumb Code    98  uldiv.o(.text)
    __aeabi_memcpy                           0x0800034f   Thumb Code    36  memcpya.o(.text)
    __aeabi_memcpy4                          0x0800034f   Thumb Code     0  memcpya.o(.text)
    __aeabi_memcpy8                          0x0800034f   Thumb Code     0  memcpya.o(.text)
    __aeabi_memset                           0x08000373   Thumb Code    14  memseta.o(.text)
    __aeabi_memset4                          0x08000373   Thumb Code     0  memseta.o(.text)
    __aeabi_memset8                          0x08000373   Thumb Code     0  memseta.o(.text)
    __aeabi_memclr                           0x08000381   Thumb Code     4  memseta.o(.text)
    __aeabi_memclr4                          0x08000381   Thumb Code     0  memseta.o(.text)
    __aeabi_memclr8                          0x08000381   Thumb Code     0  memseta.o(.text)
    _memset$wrapper                          0x08000385   Thumb Code    18  memseta.o(.text)
    memcmp                                   0x08000397   Thumb Code    26  memcmp.o(.text)
    __aeabi_uidiv                            0x080003b1   Thumb Code     0  uidiv.o(.text)
    __aeabi_uidivmod                         0x080003b1   Thumb Code    44  uidiv.o(.text)
    __aeabi_llsl                             0x080003dd   Thumb Code    30  llshl.o(.text)
    _ll_shift_l                              0x080003dd   Thumb Code     0  llshl.o(.text)
    __aeabi_llsr                             0x080003fb   Thumb Code    32  llushr.o(.text)
    _ll_ushift_r                             0x080003fb   Thumb Code     0  llushr.o(.text)
    __scatterload                            0x0800041d   Thumb Code    28  init.o(.text)
    __scatterload_rt2                        0x0800041d   Thumb Code     0  init.o(.text)
    __decompress                             0x08000441   Thumb Code     0  __dczerorl.o(.text)
    __decompress0                            0x08000441   Thumb Code    58  __dczerorl.o(.text)
    DMA2_Stream2_IRQHandler                  0x0800047d   Thumb Code     6  stm32f7xx_it.o(i.DMA2_Stream2_IRQHandler)
    DMA2_Stream7_IRQHandler                  0x08000489   Thumb Code     6  stm32f7xx_it.o(i.DMA2_Stream7_IRQHandler)
    ETH_IRQHandler                           0x08000541   Thumb Code     6  stm32f7xx_it.o(i.ETH_IRQHandler)
    HAL_DMA_Abort_IT                         0x08000671   Thumb Code    36  stm32f7xx_hal_dma.o(i.HAL_DMA_Abort_IT)
    HAL_DMA_IRQHandler                       0x08000695   Thumb Code   412  stm32f7xx_hal_dma.o(i.HAL_DMA_IRQHandler)
    HAL_DMA_Init                             0x08000835   Thumb Code   222  stm32f7xx_hal_dma.o(i.HAL_DMA_Init)
    HAL_Delay                                0x08000919   Thumb Code    32  stm32f7xx_hal.o(i.HAL_Delay)
    HAL_ETH_DMARxDescListInit                0x0800093d   Thumb Code   116  stm32f7xx_hal_eth.o(i.HAL_ETH_DMARxDescListInit)
    HAL_ETH_DMATxDescListInit                0x080009b1   Thumb Code   132  stm32f7xx_hal_eth.o(i.HAL_ETH_DMATxDescListInit)
    HAL_ETH_ErrorCallback                    0x08000a35   Thumb Code     2  stm32f7xx_hal_eth.o(i.HAL_ETH_ErrorCallback)
    HAL_ETH_GetReceivedFrame_IT              0x08000a37   Thumb Code   140  stm32f7xx_hal_eth.o(i.HAL_ETH_GetReceivedFrame_IT)
    HAL_ETH_IRQHandler                       0x08000ac3   Thumb Code   118  stm32f7xx_hal_eth.o(i.HAL_ETH_IRQHandler)
    HAL_ETH_Init                             0x08000b39   Thumb Code   456  stm32f7xx_hal_eth.o(i.HAL_ETH_Init)
    HAL_ETH_MspInit                          0x08000d29   Thumb Code   134  ethernetif.o(i.HAL_ETH_MspInit)
    HAL_ETH_ReadPHYRegister                  0x08000dc5   Thumb Code   134  stm32f7xx_hal_eth.o(i.HAL_ETH_ReadPHYRegister)
    HAL_ETH_RxCpltCallback                   0x08000e4d   Thumb Code     8  ethernetif.o(i.HAL_ETH_RxCpltCallback)
    HAL_ETH_Start                            0x08000e59   Thumb Code   132  stm32f7xx_hal_eth.o(i.HAL_ETH_Start)
    HAL_ETH_TransmitFrame                    0x08000edd   Thumb Code   274  stm32f7xx_hal_eth.o(i.HAL_ETH_TransmitFrame)
    HAL_ETH_TxCpltCallback                   0x08000fef   Thumb Code     2  stm32f7xx_hal_eth.o(i.HAL_ETH_TxCpltCallback)
    HAL_ETH_WritePHYRegister                 0x08000ff1   Thumb Code   122  stm32f7xx_hal_eth.o(i.HAL_ETH_WritePHYRegister)
    HAL_GPIO_Init                            0x0800106d   Thumb Code   418  stm32f7xx_hal_gpio.o(i.HAL_GPIO_Init)
    HAL_GetTick                              0x08001245   Thumb Code     6  stm32f7xx_hal.o(i.HAL_GetTick)
    HAL_IncTick                              0x08001251   Thumb Code    12  stm32f7xx_hal.o(i.HAL_IncTick)
    HAL_Init                                 0x08001261   Thumb Code    22  stm32f7xx_hal.o(i.HAL_Init)
    HAL_InitTick                             0x08001279   Thumb Code   100  stm32f7xx_hal_timebase_tim.o(i.HAL_InitTick)
    HAL_MspInit                              0x080012ed   Thumb Code   126  stm32f7xx_hal_msp.o(i.HAL_MspInit)
    HAL_NVIC_EnableIRQ                       0x08001371   Thumb Code    22  stm32f7xx_hal_cortex.o(i.HAL_NVIC_EnableIRQ)
    HAL_NVIC_SetPriority                     0x08001389   Thumb Code    60  stm32f7xx_hal_cortex.o(i.HAL_NVIC_SetPriority)
    HAL_NVIC_SetPriorityGrouping             0x080013c9   Thumb Code    28  stm32f7xx_hal_cortex.o(i.HAL_NVIC_SetPriorityGrouping)
    HAL_RCCEx_PeriphCLKConfig                0x080013ed   Thumb Code  1336  stm32f7xx_hal_rcc_ex.o(i.HAL_RCCEx_PeriphCLKConfig)
    HAL_RCC_ClockConfig                      0x08001929   Thumb Code   282  stm32f7xx_hal_rcc.o(i.HAL_RCC_ClockConfig)
    HAL_RCC_GetClockConfig                   0x08001a55   Thumb Code    56  stm32f7xx_hal_rcc.o(i.HAL_RCC_GetClockConfig)
    HAL_RCC_GetHCLKFreq                      0x08001a95   Thumb Code     6  stm32f7xx_hal_rcc.o(i.HAL_RCC_GetHCLKFreq)
    HAL_RCC_GetPCLK1Freq                     0x08001aa1   Thumb Code    20  stm32f7xx_hal_rcc.o(i.HAL_RCC_GetPCLK1Freq)
    HAL_RCC_GetPCLK2Freq                     0x08001ac1   Thumb Code    20  stm32f7xx_hal_rcc.o(i.HAL_RCC_GetPCLK2Freq)
    HAL_RCC_GetSysClockFreq                  0x08001ae1   Thumb Code    88  stm32f7xx_hal_rcc.o(i.HAL_RCC_GetSysClockFreq)
    HAL_RCC_OscConfig                        0x08001b45   Thumb Code   814  stm32f7xx_hal_rcc.o(i.HAL_RCC_OscConfig)
    HAL_SYSTICK_CLKSourceConfig              0x08001e81   Thumb Code    24  stm32f7xx_hal_cortex.o(i.HAL_SYSTICK_CLKSourceConfig)
    HAL_SYSTICK_Config                       0x08001e99   Thumb Code    38  stm32f7xx_hal_cortex.o(i.HAL_SYSTICK_Config)
    HAL_TIMEx_BreakCallback                  0x08001ebf   Thumb Code     2  stm32f7xx_hal_tim_ex.o(i.HAL_TIMEx_BreakCallback)
    HAL_TIMEx_CommutationCallback            0x08001ec1   Thumb Code     2  stm32f7xx_hal_tim_ex.o(i.HAL_TIMEx_CommutationCallback)
    HAL_TIM_Base_Init                        0x08001ec3   Thumb Code    54  stm32f7xx_hal_tim.o(i.HAL_TIM_Base_Init)
    HAL_TIM_Base_MspInit                     0x08001ef9   Thumb Code     2  stm32f7xx_hal_tim.o(i.HAL_TIM_Base_MspInit)
    HAL_TIM_Base_Start_IT                    0x08001efb   Thumb Code    24  stm32f7xx_hal_tim.o(i.HAL_TIM_Base_Start_IT)
    HAL_TIM_IC_CaptureCallback               0x08001f13   Thumb Code     2  stm32f7xx_hal_tim.o(i.HAL_TIM_IC_CaptureCallback)
    HAL_TIM_IRQHandler                       0x08001f15   Thumb Code   382  stm32f7xx_hal_tim.o(i.HAL_TIM_IRQHandler)
    HAL_TIM_OC_DelayElapsedCallback          0x08002093   Thumb Code     2  stm32f7xx_hal_tim.o(i.HAL_TIM_OC_DelayElapsedCallback)
    HAL_TIM_PWM_PulseFinishedCallback        0x08002095   Thumb Code     2  stm32f7xx_hal_tim.o(i.HAL_TIM_PWM_PulseFinishedCallback)
    HAL_TIM_PeriodElapsedCallback            0x08002099   Thumb Code    14  main.o(i.HAL_TIM_PeriodElapsedCallback)
    HAL_TIM_TriggerCallback                  0x080020ad   Thumb Code     2  stm32f7xx_hal_tim.o(i.HAL_TIM_TriggerCallback)
    HAL_UART_ErrorCallback                   0x080020af   Thumb Code     2  stm32f7xx_hal_uart.o(i.HAL_UART_ErrorCallback)
    HAL_UART_IRQHandler                      0x080020b1   Thumb Code   372  stm32f7xx_hal_uart.o(i.HAL_UART_IRQHandler)
    HAL_UART_Init                            0x08002229   Thumb Code   106  stm32f7xx_hal_uart.o(i.HAL_UART_Init)
    HAL_UART_MspInit                         0x08002295   Thumb Code   214  usart.o(i.HAL_UART_MspInit)
    HAL_UART_RxCpltCallback                  0x08002391   Thumb Code     2  stm32f7xx_hal_uart.o(i.HAL_UART_RxCpltCallback)
    HAL_UART_Transmit                        0x08002395   Thumb Code   182  stm32f7xx_hal_uart.o(i.HAL_UART_Transmit)
    HAL_UART_TxCpltCallback                  0x0800244b   Thumb Code     2  stm32f7xx_hal_uart.o(i.HAL_UART_TxCpltCallback)
    MX_DMA_Init                              0x0800244d   Thumb Code    56  dma.o(i.MX_DMA_Init)
    MX_FREERTOS_Init                         0x08002489   Thumb Code    34  freertos.o(i.MX_FREERTOS_Init)
    MX_GPIO_Init                             0x080024b5   Thumb Code  1322  gpio.o(i.MX_GPIO_Init)
    MX_LWIP_Init                             0x080029f9   Thumb Code   234  lwip.o(i.MX_LWIP_Init)
    MX_USART1_UART_Init                      0x08002af5   Thumb Code    56  usart.o(i.MX_USART1_UART_Init)
    StartDefaultTask                         0x08002b67   Thumb Code    12  freertos.o(i.StartDefaultTask)
    SysTick_Handler                          0x08002b73   Thumb Code     4  stm32f7xx_it.o(i.SysTick_Handler)
    SystemClock_Config                       0x08002b79   Thumb Code   170  main.o(i.SystemClock_Config)
    SystemInit                               0x08002c2d   Thumb Code    68  system_stm32f7xx.o(i.SystemInit)
    TIM6_DAC_IRQHandler                      0x08002c81   Thumb Code     6  stm32f7xx_it.o(i.TIM6_DAC_IRQHandler)
    TIM_Base_SetConfig                       0x08002c8d   Thumb Code   158  stm32f7xx_hal_tim.o(i.TIM_Base_SetConfig)
    UART_AdvFeatureConfig                    0x08002d59   Thumb Code   200  stm32f7xx_hal_uart.o(i.UART_AdvFeatureConfig)
    UART_CheckIdleState                      0x08002e21   Thumb Code    64  stm32f7xx_hal_uart.o(i.UART_CheckIdleState)
    UART_SetConfig                           0x08002f09   Thumb Code   550  stm32f7xx_hal_uart.o(i.UART_SetConfig)
    UART_WaitOnFlagUntilTimeout              0x08003161   Thumb Code   100  stm32f7xx_hal_uart.o(i.UART_WaitOnFlagUntilTimeout)
    USART1_IRQHandler                        0x080031c5   Thumb Code     6  stm32f7xx_it.o(i.USART1_IRQHandler)
    _Error_Handler                           0x080031d1   Thumb Code     2  main.o(i._Error_Handler)
    __0printf$3                              0x080031d5   Thumb Code    22  printf3.o(i.__0printf$3)
    __1printf$3                              0x080031d5   Thumb Code     0  printf3.o(i.__0printf$3)
    __2printf                                0x080031d5   Thumb Code     0  printf3.o(i.__0printf$3)
    __scatterload_copy                       0x080031f5   Thumb Code    14  handlers.o(i.__scatterload_copy)
    __scatterload_null                       0x08003203   Thumb Code     2  handlers.o(i.__scatterload_null)
    __scatterload_zeroinit                   0x08003205   Thumb Code    14  handlers.o(i.__scatterload_zeroinit)
    creatOsTask                              0x080034a5   Thumb Code    22  applicationtask.o(i.creatOsTask)
    etharp_cleanup_netif                     0x08003825   Thumb Code    42  etharp.o(i.etharp_cleanup_netif)
    etharp_input                             0x08003ad1   Thumb Code   148  etharp.o(i.etharp_input)
    etharp_output                            0x08003bd5   Thumb Code   272  etharp.o(i.etharp_output)
    etharp_query                             0x08003e8d   Thumb Code   300  etharp.o(i.etharp_query)
    etharp_request                           0x080041d5   Thumb Code     6  etharp.o(i.etharp_request)
    etharp_tmr                               0x08004201   Thumb Code    92  etharp.o(i.etharp_tmr)
    ethernet_input                           0x0800437d   Thumb Code   154  ethernet.o(i.ethernet_input)
    ethernet_output                          0x0800441d   Thumb Code    98  ethernet.o(i.ethernet_output)
    ethernetif_init                          0x08004515   Thumb Code    50  ethernetif.o(i.ethernetif_init)
    ethernetif_input                         0x0800459d   Thumb Code    48  ethernetif.o(i.ethernetif_input)
    fputc                                    0x080045d1   Thumb Code    20  usart.o(i.fputc)
    icmp_dest_unreach                        0x080045e9   Thumb Code     8  icmp.o(i.icmp_dest_unreach)
    icmp_input                               0x080045f1   Thumb Code   278  icmp.o(i.icmp_input)
    icmp_time_exceeded                       0x080048e5   Thumb Code     8  icmp.o(i.icmp_time_exceeded)
    ip4_addr_isbroadcast_u32                 0x080048f9   Thumb Code    46  ip4_addr.o(i.ip4_addr_isbroadcast_u32)
    ip4_frag                                 0x08004929   Thumb Code   390  ip4_frag.o(i.ip4_frag)
    ip4_input                                0x08004b7d   Thumb Code   410  ip4.o(i.ip4_input)
    ip4_output_if                            0x08004d21   Thumb Code    30  ip4.o(i.ip4_output_if)
    ip4_output_if_src                        0x08004d41   Thumb Code   206  ip4.o(i.ip4_output_if_src)
    ip4_reass                                0x08004eb1   Thumb Code   432  ip4_frag.o(i.ip4_reass)
    ip4_route                                0x08005065   Thumb Code    82  ip4.o(i.ip4_route)
    ip_reass_tmr                             0x0800567d   Thumb Code    40  ip4_frag.o(i.ip_reass_tmr)
    lwip_htonl                               0x080059d1   Thumb Code     4  def.o(i.lwip_htonl)
    lwip_htons                               0x080059d5   Thumb Code     4  def.o(i.lwip_htons)
    lwip_init                                0x080059d9   Thumb Code    34  init.o(i.lwip_init)
    lwip_netconn_do_bind                     0x080059fb   Thumb Code    96  api_msg.o(i.lwip_netconn_do_bind)
    lwip_netconn_do_listen                   0x08005d35   Thumb Code   218  api_msg.o(i.lwip_netconn_do_listen)
    lwip_netconn_do_newconn                  0x08005e15   Thumb Code    56  api_msg.o(i.lwip_netconn_do_newconn)
    main                                     0x08006139   Thumb Code    36  main.o(i.main)
    mem_free                                 0x08006175   Thumb Code   138  mem.o(i.mem_free)
    mem_init                                 0x080062ad   Thumb Code    72  mem.o(i.mem_init)
    mem_malloc                               0x08006371   Thumb Code   274  mem.o(i.mem_malloc)
    mem_trim                                 0x08006581   Thumb Code   274  mem.o(i.mem_trim)
    memp_free                                0x08006729   Thumb Code    34  memp.o(i.memp_free)
    memp_init                                0x080067c5   Thumb Code    26  memp.o(i.memp_init)
    memp_init_pool                           0x080067e5   Thumb Code    42  memp.o(i.memp_init_pool)
    memp_malloc                              0x08006811   Thumb Code    38  memp.o(i.memp_malloc)
    netbuf_delete                            0x080068b5   Thumb Code    34  netbuf.o(i.netbuf_delete)
    netconn_accept                           0x080068d9   Thumb Code   160  api_lib.o(i.netconn_accept)
    netconn_alloc                            0x08006a19   Thumb Code   132  api_msg.o(i.netconn_alloc)
    netconn_bind                             0x08006b39   Thumb Code    52  api_lib.o(i.netconn_bind)
    netconn_free                             0x08006bed   Thumb Code   104  api_msg.o(i.netconn_free)
    netconn_listen_with_backlog              0x08006d59   Thumb Code    40  api_lib.o(i.netconn_listen_with_backlog)
    netconn_new_with_proto_and_callback      0x08006e01   Thumb Code   154  api_lib.o(i.netconn_new_with_proto_and_callback)
    netif_add                                0x08006f79   Thumb Code   106  netif.o(i.netif_add)
    netif_init                               0x0800705d   Thumb Code     2  netif.o(i.netif_init)
    netif_set_addr                           0x08007079   Thumb Code    72  netif.o(i.netif_set_addr)
    netif_set_default                        0x080070c1   Thumb Code     6  netif.o(i.netif_set_default)
    netif_set_down                           0x080070cd   Thumb Code    26  netif.o(i.netif_set_down)
    netif_set_gw                             0x080070e7   Thumb Code     8  netif.o(i.netif_set_gw)
    netif_set_ipaddr                         0x080070f1   Thumb Code    60  netif.o(i.netif_set_ipaddr)
    netif_set_netmask                        0x08007131   Thumb Code     8  netif.o(i.netif_set_netmask)
    netif_set_up                             0x08007139   Thumb Code    28  netif.o(i.netif_set_up)
    osDelay                                  0x08007155   Thumb Code    14  cmsis_os.o(i.osDelay)
    osKernelStart                            0x08007163   Thumb Code    10  cmsis_os.o(i.osKernelStart)
    osKernelSysTick                          0x0800716d   Thumb Code    24  cmsis_os.o(i.osKernelSysTick)
    osMessageCreate                          0x08007185   Thumb Code    10  cmsis_os.o(i.osMessageCreate)
    osMessageDelete                          0x0800718f   Thumb Code    24  cmsis_os.o(i.osMessageDelete)
    osMessageGet                             0x080071a9   Thumb Code   146  cmsis_os.o(i.osMessageGet)
    osMessagePut                             0x08007241   Thumb Code    88  cmsis_os.o(i.osMessagePut)
    osMessageWaiting                         0x0800729d   Thumb Code    30  cmsis_os.o(i.osMessageWaiting)
    osMutexCreate                            0x080072bb   Thumb Code     6  cmsis_os.o(i.osMutexCreate)
    osMutexRelease                           0x080072c1   Thumb Code    74  cmsis_os.o(i.osMutexRelease)
    osMutexWait                              0x08007311   Thumb Code   102  cmsis_os.o(i.osMutexWait)
    osSemaphoreCreate                        0x0800737d   Thumb Code    38  cmsis_os.o(i.osSemaphoreCreate)
    osSemaphoreDelete                        0x080073a3   Thumb Code    24  cmsis_os.o(i.osSemaphoreDelete)
    osSemaphoreRelease                       0x080073bd   Thumb Code    74  cmsis_os.o(i.osSemaphoreRelease)
    osSemaphoreWait                          0x0800740d   Thumb Code   102  cmsis_os.o(i.osSemaphoreWait)
    osSystickHandler                         0x08007479   Thumb Code    20  cmsis_os.o(i.osSystickHandler)
    osThreadCreate                           0x0800748d   Thumb Code    46  cmsis_os.o(i.osThreadCreate)
    pbuf_alloc                               0x080074bd   Thumb Code   466  pbuf.o(i.pbuf_alloc)
    pbuf_alloced_custom                      0x08007829   Thumb Code    98  pbuf.o(i.pbuf_alloced_custom)
    pbuf_cat                                 0x08007909   Thumb Code    96  pbuf.o(i.pbuf_cat)
    pbuf_clen                                0x08007a39   Thumb Code    18  pbuf.o(i.pbuf_clen)
    pbuf_copy                                0x08007a4d   Thumb Code   242  pbuf.o(i.pbuf_copy)
    pbuf_copy_partial                        0x08007c39   Thumb Code   126  pbuf.o(i.pbuf_copy_partial)
    pbuf_free                                0x08007d55   Thumb Code   192  pbuf.o(i.pbuf_free)
    pbuf_header                              0x08007ecd   Thumb Code     6  pbuf.o(i.pbuf_header)
    pbuf_header_force                        0x08007ed3   Thumb Code     6  pbuf.o(i.pbuf_header_force)
    pbuf_realloc                             0x08007ffd   Thumb Code   196  pbuf.o(i.pbuf_realloc)
    pbuf_ref                                 0x08008195   Thumb Code    46  pbuf.o(i.pbuf_ref)
    pvPortMalloc                             0x080089f1   Thumb Code   222  heap_4.o(i.pvPortMalloc)
    pvTaskIncrementMutexHeldCount            0x08008ad5   Thumb Code    18  tasks.o(i.pvTaskIncrementMutexHeldCount)
    pxPortInitialiseStack                    0x08008aed   Thumb Code    42  port.o(i.pxPortInitialiseStack)
    sys_arch_mbox_fetch                      0x08008f05   Thumb Code    70  sys_arch.o(i.sys_arch_mbox_fetch)
    sys_arch_protect                         0x08008f4d   Thumb Code    18  sys_arch.o(i.sys_arch_protect)
    sys_arch_unprotect                       0x08008f65   Thumb Code     8  sys_arch.o(i.sys_arch_unprotect)
    sys_init                                 0x08008fc9   Thumb Code    14  sys_arch.o(i.sys_init)
    sys_mbox_free                            0x08008fe1   Thumb Code    20  sys_arch.o(i.sys_mbox_free)
    sys_mbox_new                             0x08008ff5   Thumb Code    34  sys_arch.o(i.sys_mbox_new)
    sys_mbox_set_invalid                     0x0800901d   Thumb Code     6  sys_arch.o(i.sys_mbox_set_invalid)
    sys_mbox_trypost                         0x08009023   Thumb Code    20  sys_arch.o(i.sys_mbox_trypost)
    sys_mbox_valid                           0x08009037   Thumb Code    10  sys_arch.o(i.sys_mbox_valid)
    sys_mutex_lock                           0x08009041   Thumb Code    10  sys_arch.o(i.sys_mutex_lock)
    sys_mutex_new                            0x0800904b   Thumb Code    28  sys_arch.o(i.sys_mutex_new)
    sys_mutex_unlock                         0x08009067   Thumb Code     6  sys_arch.o(i.sys_mutex_unlock)
    sys_now                                  0x0800906d   Thumb Code     4  ethernetif.o(i.sys_now)
    sys_sem_free                             0x08009071   Thumb Code     6  sys_arch.o(i.sys_sem_free)
    sys_sem_new                              0x08009077   Thumb Code    42  sys_arch.o(i.sys_sem_new)
    sys_sem_set_invalid                      0x080090a1   Thumb Code     6  sys_arch.o(i.sys_sem_set_invalid)
    sys_sem_signal                           0x080090a7   Thumb Code     6  sys_arch.o(i.sys_sem_signal)
    sys_sem_valid                            0x080090ad   Thumb Code    10  sys_arch.o(i.sys_sem_valid)
    sys_thread_new                           0x080090b7   Thumb Code    48  sys_arch.o(i.sys_thread_new)
    sys_timeout                              0x080090e9   Thumb Code   156  timeouts.o(i.sys_timeout)
    sys_timeouts_init                        0x08009225   Thumb Code    38  timeouts.o(i.sys_timeouts_init)
    sys_timeouts_mbox_fetch                  0x08009259   Thumb Code    66  timeouts.o(i.sys_timeouts_mbox_fetch)
    tcp_abandon                              0x080092a1   Thumb Code   222  tcp.o(i.tcp_abandon)
    tcp_abort                                0x08009411   Thumb Code     6  tcp.o(i.tcp_abort)
    tcp_accept                               0x08009417   Thumb Code    14  tcp.o(i.tcp_accept)
    tcp_alloc                                0x08009435   Thumb Code   248  tcp.o(i.tcp_alloc)
    tcp_arg                                  0x08009539   Thumb Code     8  tcp.o(i.tcp_arg)
    tcp_bind                                 0x08009541   Thumb Code   152  tcp.o(i.tcp_bind)
    tcp_close                                0x08009665   Thumb Code    20  tcp.o(i.tcp_close)
    tcp_eff_send_mss_impl                    0x080099e9   Thumb Code    34  tcp.o(i.tcp_eff_send_mss_impl)
    tcp_enqueue_flags                        0x08009a0d   Thumb Code   262  tcp_out.o(i.tcp_enqueue_flags)
    tcp_err                                  0x08009c1d   Thumb Code    34  tcp.o(i.tcp_err)
    tcp_fasttmr                              0x08009cc1   Thumb Code   102  tcp.o(i.tcp_fasttmr)
    tcp_init                                 0x08009d5d   Thumb Code     2  tcp.o(i.tcp_init)
    tcp_input                                0x08009d61   Thumb Code  1500  tcp_in.o(i.tcp_input)
    tcp_keepalive                            0x0800a37d   Thumb Code    82  tcp_out.o(i.tcp_keepalive)
    tcp_listen_with_backlog_and_err          0x0800a64d   Thumb Code   158  tcp.o(i.tcp_listen_with_backlog_and_err)
    tcp_netif_ip_addr_changed                0x0800a771   Thumb Code    72  tcp.o(i.tcp_netif_ip_addr_changed)
    tcp_new_ip_type                          0x0800a7df   Thumb Code     6  tcp.o(i.tcp_new_ip_type)
    tcp_next_iss                             0x0800a841   Thumb Code    12  tcp.o(i.tcp_next_iss)
    tcp_output                               0x0800a851   Thumb Code   562  tcp_out.o(i.tcp_output)
    tcp_pcb_purge                            0x0800ae31   Thumb Code    58  tcp.o(i.tcp_pcb_purge)
    tcp_pcb_remove                           0x0800ae6d   Thumb Code   122  tcp.o(i.tcp_pcb_remove)
    tcp_poll                                 0x0800af75   Thumb Code    36  tcp.o(i.tcp_poll)
    tcp_process_refused_data                 0x0800b499   Thumb Code   106  tcp.o(i.tcp_process_refused_data)
    tcp_recv                                 0x0800bb7d   Thumb Code    32  tcp.o(i.tcp_recv)
    tcp_recv_null                            0x0800bc1d   Thumb Code    36  tcp.o(i.tcp_recv_null)
    tcp_recved                               0x0800bc41   Thumb Code   108  tcp.o(i.tcp_recved)
    tcp_rexmit                               0x0800bd51   Thumb Code    86  tcp_out.o(i.tcp_rexmit)
    tcp_rexmit_fast                          0x0800bda7   Thumb Code    88  tcp_out.o(i.tcp_rexmit_fast)
    tcp_rexmit_rto                           0x0800bdff   Thumb Code    48  tcp_out.o(i.tcp_rexmit_rto)
    tcp_rst                                  0x0800be31   Thumb Code   148  tcp_out.o(i.tcp_rst)
    tcp_seg_free                             0x0800bf51   Thumb Code    28  tcp.o(i.tcp_seg_free)
    tcp_segs_free                            0x0800bf6d   Thumb Code    18  tcp.o(i.tcp_segs_free)
    tcp_send_empty_ack                       0x0800bf7f   Thumb Code   114  tcp_out.o(i.tcp_send_empty_ack)
    tcp_send_fin                             0x0800bff1   Thumb Code    68  tcp_out.o(i.tcp_send_fin)
    tcp_sent                                 0x0800c035   Thumb Code    32  tcp.o(i.tcp_sent)
    tcp_shutdown                             0x0800c0d5   Thumb Code    78  tcp.o(i.tcp_shutdown)
    tcp_slowtmr                              0x0800c125   Thumb Code   754  tcp.o(i.tcp_slowtmr)
    tcp_timer_needed                         0x0800c5e1   Thumb Code    36  timeouts.o(i.tcp_timer_needed)
    tcp_tmr                                  0x0800c67d   Thumb Code    28  tcp.o(i.tcp_tmr)
    tcp_trigger_input_pcb_close              0x0800c69d   Thumb Code    12  tcp_in.o(i.tcp_trigger_input_pcb_close)
    tcp_update_rcv_ann_wnd                   0x0800c6ad   Thumb Code    76  tcp.o(i.tcp_update_rcv_ann_wnd)
    tcp_write                                0x0800c76d   Thumb Code  1680  tcp_out.o(i.tcp_write)
    tcp_zero_window_probe                    0x0800cf3d   Thumb Code   174  tcp_out.o(i.tcp_zero_window_probe)
    tcpecho_thread                           0x0800cfed   Thumb Code   108  applicationtask.o(i.tcpecho_thread)
    tcpip_init                               0x0800d0a1   Thumb Code    88  tcpip.o(i.tcpip_init)
    tcpip_inpkt                              0x0800d1b1   Thumb Code    82  tcpip.o(i.tcpip_inpkt)
    tcpip_input                              0x0800d271   Thumb Code    20  tcpip.o(i.tcpip_input)
    tcpip_send_msg_wait_sem                  0x0800d28d   Thumb Code    26  tcpip.o(i.tcpip_send_msg_wait_sem)
    udp_bind                                 0x0800d3dd   Thumb Code   174  udp.o(i.udp_bind)
    udp_init                                 0x0800d495   Thumb Code     2  udp.o(i.udp_init)
    udp_input                                0x0800d499   Thumb Code   294  udp.o(i.udp_input)
    udp_netif_ip_addr_changed                0x0800d635   Thumb Code    48  udp.o(i.udp_netif_ip_addr_changed)
    udp_new                                  0x0800d669   Thumb Code    26  udp.o(i.udp_new)
    udp_new_ip_type                          0x0800d683   Thumb Code     4  udp.o(i.udp_new_ip_type)
    udp_recv                                 0x0800d687   Thumb Code     6  udp.o(i.udp_recv)
    uxListRemove                             0x0800d68d   Thumb Code    36  list.o(i.uxListRemove)
    uxQueueMessagesWaiting                   0x0800d6b1   Thumb Code    40  queue.o(i.uxQueueMessagesWaiting)
    uxQueueMessagesWaitingFromISR            0x0800d6d9   Thumb Code    26  queue.o(i.uxQueueMessagesWaitingFromISR)
    vListInitialise                          0x0800d6f3   Thumb Code    22  list.o(i.vListInitialise)
    vListInitialiseItem                      0x0800d709   Thumb Code     6  list.o(i.vListInitialiseItem)
    vListInsert                              0x0800d70f   Thumb Code    48  list.o(i.vListInsert)
    vListInsertEnd                           0x0800d73f   Thumb Code    24  list.o(i.vListInsertEnd)
    vPortEnterCritical                       0x0800d759   Thumb Code    62  port.o(i.vPortEnterCritical)
    vPortExitCritical                        0x0800d7a1   Thumb Code    38  port.o(i.vPortExitCritical)
    vPortFree                                0x0800d7cd   Thumb Code    96  heap_4.o(i.vPortFree)
    vPortSetupTimerInterrupt                 0x0800d831   Thumb Code    26  port.o(i.vPortSetupTimerInterrupt)
    vPortValidateInterruptPriority           0x0800d851   Thumb Code    82  port.o(i.vPortValidateInterruptPriority)
    vQueueDelete                             0x0800d8ad   Thumb Code    40  queue.o(i.vQueueDelete)
    vQueueUnregisterQueue                    0x0800d8d5   Thumb Code    36  queue.o(i.vQueueUnregisterQueue)
    vTaskDelay                               0x0800d8fd   Thumb Code    70  tasks.o(i.vTaskDelay)
    vTaskMissedYield                         0x0800d94d   Thumb Code     8  tasks.o(i.vTaskMissedYield)
    vTaskPlaceOnEventList                    0x0800d959   Thumb Code    48  tasks.o(i.vTaskPlaceOnEventList)
    vTaskPriorityInherit                     0x0800d98d   Thumb Code   128  tasks.o(i.vTaskPriorityInherit)
    vTaskSetTimeOutState                     0x0800da15   Thumb Code    34  tasks.o(i.vTaskSetTimeOutState)
    vTaskStartScheduler                      0x0800da3d   Thumb Code    94  tasks.o(i.vTaskStartScheduler)
    vTaskSuspendAll                          0x0800daad   Thumb Code    10  tasks.o(i.vTaskSuspendAll)
    vTaskSwitchContext                       0x0800dabd   Thumb Code    86  tasks.o(i.vTaskSwitchContext)
    xPortStartScheduler                      0x0800db1d   Thumb Code   152  port.o(i.xPortStartScheduler)
    xPortSysTickHandler                      0x0800dbc5   Thumb Code    42  port.o(i.xPortSysTickHandler)
    xQueueCreateMutex                        0x0800dbf5   Thumb Code    36  queue.o(i.xQueueCreateMutex)
    xQueueGenericCreate                      0x0800dc19   Thumb Code    76  queue.o(i.xQueueGenericCreate)
    xQueueGenericReceive                     0x0800dc65   Thumb Code   376  queue.o(i.xQueueGenericReceive)
    xQueueGenericReset                       0x0800dde1   Thumb Code   148  queue.o(i.xQueueGenericReset)
    xQueueGenericSend                        0x0800de79   Thumb Code   362  queue.o(i.xQueueGenericSend)
    xQueueGenericSendFromISR                 0x0800dfe9   Thumb Code   204  queue.o(i.xQueueGenericSendFromISR)
    xQueueGiveFromISR                        0x0800e0b5   Thumb Code   172  queue.o(i.xQueueGiveFromISR)
    xQueueReceiveFromISR                     0x0800e161   Thumb Code   168  queue.o(i.xQueueReceiveFromISR)
    xTaskCheckForTimeOut                     0x0800e209   Thumb Code   110  tasks.o(i.xTaskCheckForTimeOut)
    xTaskCreate                              0x0800e27d   Thumb Code    86  tasks.o(i.xTaskCreate)
    xTaskGetSchedulerState                   0x0800e2d5   Thumb Code    22  tasks.o(i.xTaskGetSchedulerState)
    xTaskGetTickCount                        0x0800e2f1   Thumb Code     6  tasks.o(i.xTaskGetTickCount)
    xTaskGetTickCountFromISR                 0x0800e2fd   Thumb Code    12  tasks.o(i.xTaskGetTickCountFromISR)
    xTaskIncrementTick                       0x0800e30d   Thumb Code   196  tasks.o(i.xTaskIncrementTick)
    xTaskPriorityDisinherit                  0x0800e3d9   Thumb Code   158  tasks.o(i.xTaskPriorityDisinherit)
    xTaskRemoveFromEventList                 0x0800e481   Thumb Code   112  tasks.o(i.xTaskRemoveFromEventList)
    xTaskResumeAll                           0x0800e4f9   Thumb Code   188  tasks.o(i.xTaskResumeAll)
    AHBPrescTable                            0x0800e5f0   Data          16  system_stm32f7xx.o(.constdata)
    APBPrescTable                            0x0800e600   Data           8  system_stm32f7xx.o(.constdata)
    ethbroadcast                             0x0800e608   Data           6  ethernet.o(.constdata)
    ethzero                                  0x0800e60e   Data           6  ethernet.o(.constdata)
    memp_UDP_PCB                             0x0800e614   Data          12  memp.o(.constdata)
    memp_TCP_PCB                             0x0800e620   Data          12  memp.o(.constdata)
    memp_TCP_PCB_LISTEN                      0x0800e62c   Data          12  memp.o(.constdata)
    memp_TCP_SEG                             0x0800e638   Data          12  memp.o(.constdata)
    memp_REASSDATA                           0x0800e644   Data          12  memp.o(.constdata)
    memp_FRAG_PBUF                           0x0800e650   Data          12  memp.o(.constdata)
    memp_NETBUF                              0x0800e65c   Data          12  memp.o(.constdata)
    memp_NETCONN                             0x0800e668   Data          12  memp.o(.constdata)
    memp_TCPIP_MSG_API                       0x0800e674   Data          12  memp.o(.constdata)
    memp_TCPIP_MSG_INPKT                     0x0800e680   Data          12  memp.o(.constdata)
    memp_SYS_TIMEOUT                         0x0800e68c   Data          12  memp.o(.constdata)
    memp_PBUF                                0x0800e698   Data          12  memp.o(.constdata)
    memp_PBUF_POOL                           0x0800e6a4   Data          12  memp.o(.constdata)
    memp_pools                               0x0800e6b0   Data          52  memp.o(.constdata)
    tcp_pcb_lists                            0x0800e728   Data          16  tcp.o(.constdata)
    lwip_cyclic_timers                       0x0800e738   Data          24  timeouts.o(.constdata)
    ip_addr_any                              0x0800e750   Data           4  ip4_addr.o(.constdata)
    os_mutex_def_lwip_sys_mutex              0x0800e754   Data           4  sys_arch.o(.constdata)
    Region$$Table$$Base                      0x0800e894   Number         0  anon$$obj.o(Region$$Table)
    Region$$Table$$Limit                     0x0800e8b4   Number         0  anon$$obj.o(Region$$Table)
    defaultTaskHandle                        0x20000000   Data           4  freertos.o(.data)
    ipaddr                                   0x20000004   Data           4  lwip.o(.data)
    netmask                                  0x20000008   Data           4  lwip.o(.data)
    gw                                       0x2000000c   Data           4  lwip.o(.data)
    IP_ADDRESS                               0x20000010   Data           4  lwip.o(.data)
    NETMASK_ADDRESS                          0x20000014   Data           4  lwip.o(.data)
    GATEWAY_ADDRESS                          0x20000018   Data           4  lwip.o(.data)
    s_xSemaphore                             0x2000001c   Data           4  ethernetif.o(.data)
    uwTickFreq                               0x20000020   Data           1  stm32f7xx_hal.o(.data)
    uwTickPrio                               0x20000024   Data           4  stm32f7xx_hal.o(.data)
    uwTick                                   0x20000028   Data           4  stm32f7xx_hal.o(.data)
    SystemCoreClock                          0x2000002c   Data           4  system_stm32f7xx.o(.data)
    pxCurrentTCB                             0x20000054   Data           4  tasks.o(.data)
    netconn_aborted                          0x20000090   Data           1  api_msg.o(.data)
    lock_tcpip_core                          0x200000a0   Data           4  tcpip.o(.data)
    netif_list                               0x200000ec   Data           4  netif.o(.data)
    netif_default                            0x200000f0   Data           4  netif.o(.data)
    tcp_active_pcbs_changed                  0x200000f4   Data           1  tcp.o(.data)
    tcp_ticks                                0x20000100   Data           4  tcp.o(.data)
    tcp_bound_pcbs                           0x20000104   Data           4  tcp.o(.data)
    tcp_listen_pcbs                          0x20000108   Data           4  tcp.o(.data)
    tcp_active_pcbs                          0x2000010c   Data           4  tcp.o(.data)
    tcp_tw_pcbs                              0x20000110   Data           4  tcp.o(.data)
    tcp_input_pcb                            0x20000134   Data           4  tcp_in.o(.data)
    udp_pcbs                                 0x20000148   Data           4  udp.o(.data)
    lwip_sys_mutex                           0x20000158   Data           4  sys_arch.o(.data)
    err                                      0x2000015c   Data           1  applicationtask.o(.data)
    taskSocket                               0x20000160   Data           4  applicationtask.o(.data)
    __stdout                                 0x20000164   Data           4  stdout.o(.data)
    gnetif                                   0x20000168   Data          48  lwip.o(.bss)
    DMARxDscrTab                             0x20000198   Data         128  ethernetif.o(.bss)
    DMATxDscrTab                             0x20000218   Data         128  ethernetif.o(.bss)
    Rx_Buff                                  0x20000298   Data        6096  ethernetif.o(.bss)
    Tx_Buff                                  0x20001a68   Data        6096  ethernetif.o(.bss)
    heth                                     0x20003238   Data          72  ethernetif.o(.bss)
    huart1                                   0x20003280   Data         112  usart.o(.bss)
    hdma_usart1_rx                           0x200032f0   Data          96  usart.o(.bss)
    hdma_usart1_tx                           0x20003350   Data          96  usart.o(.bss)
    htim6                                    0x200033b0   Data          64  stm32f7xx_hal_timebase_tim.o(.bss)
    xQueueRegistry                           0x20006ff0   Data          64  queue.o(.bss)
    ip_data                                  0x20007120   Data          24  ip.o(.bss)
    ram_heap                                 0x20007138   Data       40979  mem.o(.bss)
    memp_memory_UDP_PCB_base                 0x2001114b   Data         131  memp.o(.bss)
    memp_memory_TCP_PCB_base                 0x200111ce   Data         743  memp.o(.bss)
    memp_memory_TCP_PCB_LISTEN_base          0x200114b5   Data         227  memp.o(.bss)
    memp_memory_TCP_SEG_base                 0x20011598   Data         275  memp.o(.bss)
    memp_memory_REASSDATA_base               0x200116ab   Data         163  memp.o(.bss)
    memp_memory_FRAG_PBUF_base               0x2001174e   Data         363  memp.o(.bss)
    memp_memory_NETBUF_base                  0x200118b9   Data          35  memp.o(.bss)
    memp_memory_NETCONN_base                 0x200118dc   Data         195  memp.o(.bss)
    memp_memory_TCPIP_MSG_API_base           0x2001199f   Data         131  memp.o(.bss)
    memp_memory_TCPIP_MSG_INPKT_base         0x20011a22   Data         131  memp.o(.bss)
    memp_memory_SYS_TIMEOUT_base             0x20011aa5   Data          51  memp.o(.bss)
    memp_memory_PBUF_base                    0x20011ad8   Data         259  memp.o(.bss)
    memp_memory_PBUF_POOL_base               0x20011bdb   Data       16943  memp.o(.bss)
    __initial_sp                             0x20018f10   Data           0  startup_stm32f769xx.o(STACK)



==============================================================================

Memory Map of the image

  Image Entry point : 0x080001f9

  Load Region LR_IROM1 (Base: 0x08000000, Size: 0x0000ea1c, Max: 0x00200000, ABSOLUTE, COMPRESSED[0x0000e8d4])

    Execution Region ER_IROM1 (Base: 0x08000000, Size: 0x0000e8b4, Max: 0x00200000, ABSOLUTE)

    Base Addr    Size         Type   Attr      Idx    E Section Name        Object

    0x08000000   0x000001f8   Data   RO            3    RESET               startup_stm32f769xx.o
    0x080001f8   0x00000000   Code   RO         8739  * .ARM.Collect$$$$00000000  mc_w.l(entry.o)
    0x080001f8   0x00000004   Code   RO         9017    .ARM.Collect$$$$00000001  mc_w.l(entry2.o)
    0x080001fc   0x00000004   Code   RO         9020    .ARM.Collect$$$$00000004  mc_w.l(entry5.o)
    0x08000200   0x00000000   Code   RO         9022    .ARM.Collect$$$$00000008  mc_w.l(entry7b.o)
    0x08000200   0x00000000   Code   RO         9024    .ARM.Collect$$$$0000000A  mc_w.l(entry8b.o)
    0x08000200   0x00000008   Code   RO         9025    .ARM.Collect$$$$0000000B  mc_w.l(entry9a.o)
    0x08000208   0x00000000   Code   RO         9027    .ARM.Collect$$$$0000000D  mc_w.l(entry10a.o)
    0x08000208   0x00000000   Code   RO         9029    .ARM.Collect$$$$0000000F  mc_w.l(entry11a.o)
    0x08000208   0x00000004   Code   RO         9018    .ARM.Collect$$$$00002712  mc_w.l(entry2.o)
    0x0800020c   0x000000ba   Code   RO         3852    .emb_text           port.o
    0x080002c6   0x00000002   PAD
    0x080002c8   0x00000024   Code   RO            4    .text               startup_stm32f769xx.o
    0x080002ec   0x00000062   Code   RO         8742    .text               mc_w.l(uldiv.o)
    0x0800034e   0x00000024   Code   RO         8744    .text               mc_w.l(memcpya.o)
    0x08000372   0x00000024   Code   RO         8746    .text               mc_w.l(memseta.o)
    0x08000396   0x0000001a   Code   RO         8750    .text               mc_w.l(memcmp.o)
    0x080003b0   0x0000002c   Code   RO         9032    .text               mc_w.l(uidiv.o)
    0x080003dc   0x0000001e   Code   RO         9034    .text               mc_w.l(llshl.o)
    0x080003fa   0x00000020   Code   RO         9036    .text               mc_w.l(llushr.o)
    0x0800041a   0x00000002   PAD
    0x0800041c   0x00000024   Code   RO         9049    .text               mc_w.l(init.o)
    0x08000440   0x0000003a   Code   RO         9063    .text               mc_w.l(__dczerorl.o)
    0x0800047a   0x00000002   PAD
    0x0800047c   0x0000000c   Code   RO          697    i.DMA2_Stream2_IRQHandler  stm32f7xx_it.o
    0x08000488   0x0000000c   Code   RO          698    i.DMA2_Stream7_IRQHandler  stm32f7xx_it.o
    0x08000494   0x00000028   Code   RO         2707    i.DMA_CalcBaseAndBitshift  stm32f7xx_hal_dma.o
    0x080004bc   0x00000054   Code   RO         2708    i.DMA_CheckFifoParam  stm32f7xx_hal_dma.o
    0x08000510   0x0000002e   Code   RO          822    i.ETH_FlushTransmitFIFO  stm32f7xx_hal_eth.o
    0x0800053e   0x00000002   PAD
    0x08000540   0x0000000c   Code   RO          699    i.ETH_IRQHandler    stm32f7xx_it.o
    0x0800054c   0x00000124   Code   RO          823    i.ETH_MACDMAConfig  stm32f7xx_hal_eth.o
    0x08000670   0x00000024   Code   RO         2711    i.HAL_DMA_Abort_IT  stm32f7xx_hal_dma.o
    0x08000694   0x000001a0   Code   RO         2715    i.HAL_DMA_IRQHandler  stm32f7xx_hal_dma.o
    0x08000834   0x000000e4   Code   RO         2716    i.HAL_DMA_Init      stm32f7xx_hal_dma.o
    0x08000918   0x00000024   Code   RO         3077    i.HAL_Delay         stm32f7xx_hal.o
    0x0800093c   0x00000074   Code   RO          826    i.HAL_ETH_DMARxDescListInit  stm32f7xx_hal_eth.o
    0x080009b0   0x00000084   Code   RO          827    i.HAL_ETH_DMATxDescListInit  stm32f7xx_hal_eth.o
    0x08000a34   0x00000002   Code   RO          829    i.HAL_ETH_ErrorCallback  stm32f7xx_hal_eth.o
    0x08000a36   0x0000008c   Code   RO          831    i.HAL_ETH_GetReceivedFrame_IT  stm32f7xx_hal_eth.o
    0x08000ac2   0x00000076   Code   RO          833    i.HAL_ETH_IRQHandler  stm32f7xx_hal_eth.o
    0x08000b38   0x000001f0   Code   RO          834    i.HAL_ETH_Init      stm32f7xx_hal_eth.o
    0x08000d28   0x0000009c   Code   RO          537    i.HAL_ETH_MspInit   ethernetif.o
    0x08000dc4   0x00000086   Code   RO          837    i.HAL_ETH_ReadPHYRegister  stm32f7xx_hal_eth.o
    0x08000e4a   0x00000002   PAD
    0x08000e4c   0x0000000c   Code   RO          538    i.HAL_ETH_RxCpltCallback  ethernetif.o
    0x08000e58   0x00000084   Code   RO          839    i.HAL_ETH_Start     stm32f7xx_hal_eth.o
    0x08000edc   0x00000112   Code   RO          841    i.HAL_ETH_TransmitFrame  stm32f7xx_hal_eth.o
    0x08000fee   0x00000002   Code   RO          842    i.HAL_ETH_TxCpltCallback  stm32f7xx_hal_eth.o
    0x08000ff0   0x0000007a   Code   RO          843    i.HAL_ETH_WritePHYRegister  stm32f7xx_hal_eth.o
    0x0800106a   0x00000002   PAD
    0x0800106c   0x000001d8   Code   RO         2644    i.HAL_GPIO_Init     stm32f7xx_hal_gpio.o
    0x08001244   0x0000000c   Code   RO         3087    i.HAL_GetTick       stm32f7xx_hal.o
    0x08001250   0x00000010   Code   RO         3093    i.HAL_IncTick       stm32f7xx_hal.o
    0x08001260   0x00000016   Code   RO         3094    i.HAL_Init          stm32f7xx_hal.o
    0x08001276   0x00000002   PAD
    0x08001278   0x00000074   Code   RO          782    i.HAL_InitTick      stm32f7xx_hal_timebase_tim.o
    0x080012ec   0x00000084   Code   RO          758    i.HAL_MspInit       stm32f7xx_hal_msp.o
    0x08001370   0x00000016   Code   RO          975    i.HAL_NVIC_EnableIRQ  stm32f7xx_hal_cortex.o
    0x08001386   0x00000002   PAD
    0x08001388   0x00000040   Code   RO          981    i.HAL_NVIC_SetPriority  stm32f7xx_hal_cortex.o
    0x080013c8   0x00000024   Code   RO          982    i.HAL_NVIC_SetPriorityGrouping  stm32f7xx_hal_cortex.o
    0x080013ec   0x0000053c   Code   RO         2405    i.HAL_RCCEx_PeriphCLKConfig  stm32f7xx_hal_rcc_ex.o
    0x08001928   0x0000012c   Code   RO         2298    i.HAL_RCC_ClockConfig  stm32f7xx_hal_rcc.o
    0x08001a54   0x00000040   Code   RO         2302    i.HAL_RCC_GetClockConfig  stm32f7xx_hal_rcc.o
    0x08001a94   0x0000000c   Code   RO         2303    i.HAL_RCC_GetHCLKFreq  stm32f7xx_hal_rcc.o
    0x08001aa0   0x00000020   Code   RO         2305    i.HAL_RCC_GetPCLK1Freq  stm32f7xx_hal_rcc.o
    0x08001ac0   0x00000020   Code   RO         2306    i.HAL_RCC_GetPCLK2Freq  stm32f7xx_hal_rcc.o
    0x08001ae0   0x00000064   Code   RO         2307    i.HAL_RCC_GetSysClockFreq  stm32f7xx_hal_rcc.o
    0x08001b44   0x0000033c   Code   RO         2310    i.HAL_RCC_OscConfig  stm32f7xx_hal_rcc.o
    0x08001e80   0x00000018   Code   RO          984    i.HAL_SYSTICK_CLKSourceConfig  stm32f7xx_hal_cortex.o
    0x08001e98   0x00000026   Code   RO          986    i.HAL_SYSTICK_Config  stm32f7xx_hal_cortex.o
    0x08001ebe   0x00000002   Code   RO         1739    i.HAL_TIMEx_BreakCallback  stm32f7xx_hal_tim_ex.o
    0x08001ec0   0x00000002   Code   RO         1740    i.HAL_TIMEx_CommutationCallback  stm32f7xx_hal_tim_ex.o
    0x08001ec2   0x00000036   Code   RO         1107    i.HAL_TIM_Base_Init  stm32f7xx_hal_tim.o
    0x08001ef8   0x00000002   Code   RO         1109    i.HAL_TIM_Base_MspInit  stm32f7xx_hal_tim.o
    0x08001efa   0x00000018   Code   RO         1112    i.HAL_TIM_Base_Start_IT  stm32f7xx_hal_tim.o
    0x08001f12   0x00000002   Code   RO         1136    i.HAL_TIM_IC_CaptureCallback  stm32f7xx_hal_tim.o
    0x08001f14   0x0000017e   Code   RO         1149    i.HAL_TIM_IRQHandler  stm32f7xx_hal_tim.o
    0x08002092   0x00000002   Code   RO         1152    i.HAL_TIM_OC_DelayElapsedCallback  stm32f7xx_hal_tim.o
    0x08002094   0x00000002   Code   RO         1179    i.HAL_TIM_PWM_PulseFinishedCallback  stm32f7xx_hal_tim.o
    0x08002096   0x00000002   PAD
    0x08002098   0x00000014   Code   RO           13    i.HAL_TIM_PeriodElapsedCallback  main.o
    0x080020ac   0x00000002   Code   RO         1190    i.HAL_TIM_TriggerCallback  stm32f7xx_hal_tim.o
    0x080020ae   0x00000002   Code   RO         2033    i.HAL_UART_ErrorCallback  stm32f7xx_hal_uart.o
    0x080020b0   0x00000178   Code   RO         2036    i.HAL_UART_IRQHandler  stm32f7xx_hal_uart.o
    0x08002228   0x0000006a   Code   RO         2037    i.HAL_UART_Init     stm32f7xx_hal_uart.o
    0x08002292   0x00000002   PAD
    0x08002294   0x000000fc   Code   RO          650    i.HAL_UART_MspInit  usart.o
    0x08002390   0x00000002   Code   RO         2043    i.HAL_UART_RxCpltCallback  stm32f7xx_hal_uart.o
    0x08002392   0x00000002   PAD
    0x08002394   0x000000b6   Code   RO         2045    i.HAL_UART_Transmit  stm32f7xx_hal_uart.o
    0x0800244a   0x00000002   Code   RO         2048    i.HAL_UART_TxCpltCallback  stm32f7xx_hal_uart.o
    0x0800244c   0x0000003c   Code   RO          349    i.MX_DMA_Init       dma.o
    0x08002488   0x0000002c   Code   RO          373    i.MX_FREERTOS_Init  freertos.o
    0x080024b4   0x00000544   Code   RO          325    i.MX_GPIO_Init      gpio.o
    0x080029f8   0x000000fc   Code   RO          459    i.MX_LWIP_Init      lwip.o
    0x08002af4   0x00000050   Code   RO          651    i.MX_USART1_UART_Init  usart.o
    0x08002b44   0x00000022   Code   RO          988    i.NVIC_SetPriority  stm32f7xx_hal_cortex.o
    0x08002b66   0x0000000c   Code   RO          374    i.StartDefaultTask  freertos.o
    0x08002b72   0x00000004   Code   RO          700    i.SysTick_Handler   stm32f7xx_it.o
    0x08002b76   0x00000002   PAD
    0x08002b78   0x000000b4   Code   RO           14    i.SystemClock_Config  main.o
    0x08002c2c   0x00000054   Code   RO         3748    i.SystemInit        system_stm32f7xx.o
    0x08002c80   0x0000000c   Code   RO          701    i.TIM6_DAC_IRQHandler  stm32f7xx_it.o
    0x08002c8c   0x000000cc   Code   RO         1191    i.TIM_Base_SetConfig  stm32f7xx_hal_tim.o
    0x08002d58   0x000000c8   Code   RO         2050    i.UART_AdvFeatureConfig  stm32f7xx_hal_uart.o
    0x08002e20   0x00000040   Code   RO         2051    i.UART_CheckIdleState  stm32f7xx_hal_uart.o
    0x08002e60   0x00000014   Code   RO         2052    i.UART_DMAAbortOnError  stm32f7xx_hal_uart.o
    0x08002e74   0x0000001c   Code   RO         2058    i.UART_EndRxTransfer  stm32f7xx_hal_uart.o
    0x08002e90   0x00000078   Code   RO         2060    i.UART_Receive_IT   stm32f7xx_hal_uart.o
    0x08002f08   0x00000258   Code   RO         2061    i.UART_SetConfig    stm32f7xx_hal_uart.o
    0x08003160   0x00000064   Code   RO         2062    i.UART_WaitOnFlagUntilTimeout  stm32f7xx_hal_uart.o
    0x080031c4   0x0000000c   Code   RO          702    i.USART1_IRQHandler  stm32f7xx_it.o
    0x080031d0   0x00000002   Code   RO           15    i._Error_Handler    main.o
    0x080031d2   0x00000002   PAD
    0x080031d4   0x00000020   Code   RO         8845    i.__0printf$3       mc_w.l(printf3.o)
    0x080031f4   0x0000000e   Code   RO         9057    i.__scatterload_copy  mc_w.l(handlers.o)
    0x08003202   0x00000002   Code   RO         9058    i.__scatterload_null  mc_w.l(handlers.o)
    0x08003204   0x0000000e   Code   RO         9059    i.__scatterload_zeroinit  mc_w.l(handlers.o)
    0x08003212   0x00000002   PAD
    0x08003214   0x000001b8   Code   RO         8852    i._printf_core      mc_w.l(printf3.o)
    0x080033cc   0x000000d8   Code   RO         5641    i.accept_function   api_msg.o
    0x080034a4   0x00000020   Code   RO         8698    i.creatOsTask       applicationtask.o
    0x080034c4   0x0000001c   Code   RO         7578    i.cyclic_timer      timeouts.o
    0x080034e0   0x000000a8   Code   RO         6610    i.do_memp_free_pool  memp.o
    0x08003588   0x000000b8   Code   RO         6611    i.do_memp_malloc_pool  memp.o
    0x08003640   0x000001e4   Code   RO         5642    i.err_tcp           api_msg.o
    0x08003824   0x00000030   Code   RO         7806    i.etharp_cleanup_netif  etharp.o
    0x08003854   0x00000258   Code   RO         7808    i.etharp_find_entry  etharp.o
    0x08003aac   0x00000024   Code   RO         7809    i.etharp_free_entry  etharp.o
    0x08003ad0   0x00000104   Code   RO         7811    i.etharp_input      etharp.o
    0x08003bd4   0x000001a8   Code   RO         7812    i.etharp_output     etharp.o
    0x08003d7c   0x00000110   Code   RO         7813    i.etharp_output_to_arp_index  etharp.o
    0x08003e8c   0x000001d8   Code   RO         7814    i.etharp_query      etharp.o
    0x08004064   0x00000170   Code   RO         7815    i.etharp_raw        etharp.o
    0x080041d4   0x0000000c   Code   RO         7816    i.etharp_request    etharp.o
    0x080041e0   0x00000020   Code   RO         7817    i.etharp_request_dst  etharp.o
    0x08004200   0x00000060   Code   RO         7818    i.etharp_tmr        etharp.o
    0x08004260   0x0000011c   Code   RO         7819    i.etharp_update_arp_entry  etharp.o
    0x0800437c   0x000000a0   Code   RO         5304    i.ethernet_input    ethernet.o
    0x0800441c   0x000000f8   Code   RO         5305    i.ethernet_output   ethernet.o
    0x08004514   0x00000088   Code   RO          539    i.ethernetif_init   ethernetif.o
    0x0800459c   0x00000034   Code   RO          540    i.ethernetif_input  ethernetif.o
    0x080045d0   0x00000018   Code   RO          652    i.fputc             usart.o
    0x080045e8   0x00000008   Code   RO         7906    i.icmp_dest_unreach  icmp.o
    0x080045f0   0x000001e8   Code   RO         7907    i.icmp_input        icmp.o
    0x080047d8   0x0000010c   Code   RO         7908    i.icmp_send_response  icmp.o
    0x080048e4   0x00000008   Code   RO         7909    i.icmp_time_exceeded  icmp.o
    0x080048ec   0x0000000c   Code   RO         4488    i.inHandlerMode     cmsis_os.o
    0x080048f8   0x0000002e   Code   RO         8021    i.ip4_addr_isbroadcast_u32  ip4_addr.o
    0x08004926   0x00000002   PAD
    0x08004928   0x00000254   Code   RO         8087    i.ip4_frag          ip4_frag.o
    0x08004b7c   0x000001a4   Code   RO         7968    i.ip4_input         ip4.o
    0x08004d20   0x0000001e   Code   RO         7970    i.ip4_output_if     ip4.o
    0x08004d3e   0x00000002   PAD
    0x08004d40   0x00000170   Code   RO         7971    i.ip4_output_if_src  ip4.o
    0x08004eb0   0x000001b4   Code   RO         8088    i.ip4_reass         ip4_frag.o
    0x08005064   0x0000005c   Code   RO         7972    i.ip4_route         ip4.o
    0x080050c0   0x00000090   Code   RO         8089    i.ip_frag_free_pbuf_custom_ref  ip4_frag.o
    0x08005150   0x00000260   Code   RO         8090    i.ip_reass_chain_frag_into_datagram_and_validate  ip4_frag.o
    0x080053b0   0x000000bc   Code   RO         8091    i.ip_reass_dequeue_datagram  ip4_frag.o
    0x0800546c   0x00000190   Code   RO         8092    i.ip_reass_free_complete_datagram  ip4_frag.o
    0x080055fc   0x00000080   Code   RO         8093    i.ip_reass_remove_oldest_datagram  ip4_frag.o
    0x0800567c   0x0000002c   Code   RO         8094    i.ip_reass_tmr      ip4_frag.o
    0x080056a8   0x00000098   Code   RO         8095    i.ipfrag_free_pbuf_custom  ip4_frag.o
    0x08005740   0x0000011c   Code   RO          541    i.low_level_init    ethernetif.o
    0x0800585c   0x000000c4   Code   RO          542    i.low_level_input   ethernetif.o
    0x08005920   0x000000b0   Code   RO          543    i.low_level_output  ethernetif.o
    0x080059d0   0x00000004   Code   RO         6323    i.lwip_htonl        def.o
    0x080059d4   0x00000004   Code   RO         6324    i.lwip_htons        def.o
    0x080059d8   0x00000022   Code   RO         6469    i.lwip_init         init.o
    0x080059fa   0x00000060   Code   RO         5643    i.lwip_netconn_do_bind  api_msg.o
    0x08005a5a   0x00000002   PAD
    0x08005a5c   0x000002d8   Code   RO         5645    i.lwip_netconn_do_close_internal  api_msg.o
    0x08005d34   0x000000e0   Code   RO         5651    i.lwip_netconn_do_listen  api_msg.o
    0x08005e14   0x00000038   Code   RO         5652    i.lwip_netconn_do_newconn  api_msg.o
    0x08005e4c   0x000002ec   Code   RO         5656    i.lwip_netconn_do_writemore  api_msg.o
    0x08006138   0x0000002c   Code   RO           16    i.main              main.o
    0x08006164   0x0000000e   Code   RO         4490    i.makeFreeRtosPriority  cmsis_os.o
    0x08006172   0x00000002   PAD
    0x08006174   0x00000138   Code   RO         6544    i.mem_free          mem.o
    0x080062ac   0x000000c4   Code   RO         6545    i.mem_init          mem.o
    0x08006370   0x00000210   Code   RO         6546    i.mem_malloc        mem.o
    0x08006580   0x000001a8   Code   RO         6547    i.mem_trim          mem.o
    0x08006728   0x0000009c   Code   RO         6612    i.memp_free         memp.o
    0x080067c4   0x00000020   Code   RO         6614    i.memp_init         memp.o
    0x080067e4   0x0000002a   Code   RO         6615    i.memp_init_pool    memp.o
    0x0800680e   0x00000002   PAD
    0x08006810   0x000000a4   Code   RO         6616    i.memp_malloc       memp.o
    0x080068b4   0x00000022   Code   RO         5875    i.netbuf_delete     netbuf.o
    0x080068d6   0x00000002   PAD
    0x080068d8   0x00000140   Code   RO         5464    i.netconn_accept    api_lib.o
    0x08006a18   0x00000108   Code   RO         5657    i.netconn_alloc     api_msg.o
    0x08006b20   0x00000016   Code   RO         5465    i.netconn_apimsg    api_lib.o
    0x08006b36   0x00000002   PAD
    0x08006b38   0x000000b4   Code   RO         5466    i.netconn_bind      api_lib.o
    0x08006bec   0x0000016c   Code   RO         5659    i.netconn_free      api_msg.o
    0x08006d58   0x000000a8   Code   RO         5473    i.netconn_listen_with_backlog  api_lib.o
    0x08006e00   0x00000178   Code   RO         5474    i.netconn_new_with_proto_and_callback  api_lib.o
    0x08006f78   0x000000e4   Code   RO         6754    i.netif_add         netif.o
    0x0800705c   0x00000002   Code   RO         6756    i.netif_init        netif.o
    0x0800705e   0x0000001a   Code   RO         6758    i.netif_issue_reports  netif.o
    0x08007078   0x00000048   Code   RO         6760    i.netif_set_addr    netif.o
    0x080070c0   0x0000000c   Code   RO         6761    i.netif_set_default  netif.o
    0x080070cc   0x0000001a   Code   RO         6762    i.netif_set_down    netif.o
    0x080070e6   0x00000008   Code   RO         6763    i.netif_set_gw      netif.o
    0x080070ee   0x00000002   PAD
    0x080070f0   0x00000040   Code   RO         6764    i.netif_set_ipaddr  netif.o
    0x08007130   0x00000008   Code   RO         6767    i.netif_set_netmask  netif.o
    0x08007138   0x0000001c   Code   RO         6768    i.netif_set_up      netif.o
    0x08007154   0x0000000e   Code   RO         4492    i.osDelay           cmsis_os.o
    0x08007162   0x0000000a   Code   RO         4495    i.osKernelStart     cmsis_os.o
    0x0800716c   0x00000018   Code   RO         4496    i.osKernelSysTick   cmsis_os.o
    0x08007184   0x0000000a   Code   RO         4504    i.osMessageCreate   cmsis_os.o
    0x0800718e   0x00000018   Code   RO         4505    i.osMessageDelete   cmsis_os.o
    0x080071a6   0x00000002   PAD
    0x080071a8   0x00000098   Code   RO         4506    i.osMessageGet      cmsis_os.o
    0x08007240   0x0000005c   Code   RO         4508    i.osMessagePut      cmsis_os.o
    0x0800729c   0x0000001e   Code   RO         4509    i.osMessageWaiting  cmsis_os.o
    0x080072ba   0x00000006   Code   RO         4510    i.osMutexCreate     cmsis_os.o
    0x080072c0   0x00000050   Code   RO         4512    i.osMutexRelease    cmsis_os.o
    0x08007310   0x0000006c   Code   RO         4513    i.osMutexWait       cmsis_os.o
    0x0800737c   0x00000026   Code   RO         4521    i.osSemaphoreCreate  cmsis_os.o
    0x080073a2   0x00000018   Code   RO         4522    i.osSemaphoreDelete  cmsis_os.o
    0x080073ba   0x00000002   PAD
    0x080073bc   0x00000050   Code   RO         4524    i.osSemaphoreRelease  cmsis_os.o
    0x0800740c   0x0000006c   Code   RO         4525    i.osSemaphoreWait   cmsis_os.o
    0x08007478   0x00000014   Code   RO         4528    i.osSystickHandler  cmsis_os.o
    0x0800748c   0x0000002e   Code   RO         4529    i.osThreadCreate    cmsis_os.o
    0x080074ba   0x00000002   PAD
    0x080074bc   0x0000036c   Code   RO         6882    i.pbuf_alloc        pbuf.o
    0x08007828   0x000000e0   Code   RO         6883    i.pbuf_alloced_custom  pbuf.o
    0x08007908   0x00000130   Code   RO         6884    i.pbuf_cat          pbuf.o
    0x08007a38   0x00000012   Code   RO         6886    i.pbuf_clen         pbuf.o
    0x08007a4a   0x00000002   PAD
    0x08007a4c   0x000001ec   Code   RO         6888    i.pbuf_copy         pbuf.o
    0x08007c38   0x0000011c   Code   RO         6889    i.pbuf_copy_partial  pbuf.o
    0x08007d54   0x00000178   Code   RO         6891    i.pbuf_free         pbuf.o
    0x08007ecc   0x00000006   Code   RO         6893    i.pbuf_header       pbuf.o
    0x08007ed2   0x00000006   Code   RO         6894    i.pbuf_header_force  pbuf.o
    0x08007ed8   0x00000124   Code   RO         6895    i.pbuf_header_impl  pbuf.o
    0x08007ffc   0x00000198   Code   RO         6899    i.pbuf_realloc      pbuf.o
    0x08008194   0x0000009c   Code   RO         6900    i.pbuf_ref          pbuf.o
    0x08008230   0x000000f8   Code   RO         5660    i.pcb_new           api_msg.o
    0x08008328   0x0000017c   Code   RO         6548    i.plug_holes        mem.o
    0x080084a4   0x000000e4   Code   RO         5661    i.poll_tcp          api_msg.o
    0x08008588   0x00000070   Code   RO         4201    i.prvAddCurrentTaskToDelayedList  tasks.o
    0x080085f8   0x000000d0   Code   RO         4202    i.prvAddNewTaskToReadyList  tasks.o
    0x080086c8   0x00000050   Code   RO         4203    i.prvCheckTasksWaitingTermination  tasks.o
    0x08008718   0x00000026   Code   RO         4055    i.prvCopyDataFromQueue  queue.o
    0x0800873e   0x0000006c   Code   RO         4056    i.prvCopyDataToQueue  queue.o
    0x080087aa   0x00000014   Code   RO         4204    i.prvDeleteTCB      tasks.o
    0x080087be   0x00000002   PAD
    0x080087c0   0x00000050   Code   RO         3782    i.prvHeapInit       heap_4.o
    0x08008810   0x00000028   Code   RO         4205    i.prvIdleTask       tasks.o
    0x08008838   0x00000092   Code   RO         4206    i.prvInitialiseNewTask  tasks.o
    0x080088ca   0x00000002   PAD
    0x080088cc   0x0000004c   Code   RO         3783    i.prvInsertBlockIntoFreeList  heap_4.o
    0x08008918   0x0000001c   Code   RO         4057    i.prvIsQueueEmpty   queue.o
    0x08008934   0x00000020   Code   RO         4207    i.prvResetNextTaskUnblockTime  tasks.o
    0x08008954   0x00000030   Code   RO         3853    i.prvTaskExitError  port.o
    0x08008984   0x0000006a   Code   RO         4058    i.prvUnlockQueue    queue.o
    0x080089ee   0x00000002   PAD
    0x080089f0   0x000000e4   Code   RO         3784    i.pvPortMalloc      heap_4.o
    0x08008ad4   0x00000018   Code   RO         4209    i.pvTaskIncrementMutexHeldCount  tasks.o
    0x08008aec   0x00000030   Code   RO         3854    i.pxPortInitialiseStack  port.o
    0x08008b1c   0x00000168   Code   RO         5662    i.recv_tcp          api_msg.o
    0x08008c84   0x00000164   Code   RO         5663    i.recv_udp          api_msg.o
    0x08008de8   0x000000d8   Code   RO         5664    i.sent_tcp          api_msg.o
    0x08008ec0   0x00000044   Code   RO         5665    i.setup_tcp         api_msg.o
    0x08008f04   0x00000046   Code   RO         8341    i.sys_arch_mbox_fetch  sys_arch.o
    0x08008f4a   0x00000002   PAD
    0x08008f4c   0x00000018   Code   RO         8343    i.sys_arch_protect  sys_arch.o
    0x08008f64   0x0000000c   Code   RO         8345    i.sys_arch_unprotect  sys_arch.o
    0x08008f70   0x00000058   Code   RO         7579    i.sys_check_timeouts  timeouts.o
    0x08008fc8   0x00000018   Code   RO         8346    i.sys_init          sys_arch.o
    0x08008fe0   0x00000014   Code   RO         8347    i.sys_mbox_free     sys_arch.o
    0x08008ff4   0x00000028   Code   RO         8348    i.sys_mbox_new      sys_arch.o
    0x0800901c   0x00000006   Code   RO         8350    i.sys_mbox_set_invalid  sys_arch.o
    0x08009022   0x00000014   Code   RO         8351    i.sys_mbox_trypost  sys_arch.o
    0x08009036   0x0000000a   Code   RO         8352    i.sys_mbox_valid    sys_arch.o
    0x08009040   0x0000000a   Code   RO         8354    i.sys_mutex_lock    sys_arch.o
    0x0800904a   0x0000001c   Code   RO         8355    i.sys_mutex_new     sys_arch.o
    0x08009066   0x00000006   Code   RO         8356    i.sys_mutex_unlock  sys_arch.o
    0x0800906c   0x00000004   Code   RO          545    i.sys_now           ethernetif.o
    0x08009070   0x00000006   Code   RO         8357    i.sys_sem_free      sys_arch.o
    0x08009076   0x0000002a   Code   RO         8358    i.sys_sem_new       sys_arch.o
    0x080090a0   0x00000006   Code   RO         8359    i.sys_sem_set_invalid  sys_arch.o
    0x080090a6   0x00000006   Code   RO         8360    i.sys_sem_signal    sys_arch.o
    0x080090ac   0x0000000a   Code   RO         8361    i.sys_sem_valid     sys_arch.o
    0x080090b6   0x00000030   Code   RO         8362    i.sys_thread_new    sys_arch.o
    0x080090e6   0x00000002   PAD
    0x080090e8   0x0000013c   Code   RO         7581    i.sys_timeout       timeouts.o
    0x08009224   0x00000034   Code   RO         7582    i.sys_timeouts_init  timeouts.o
    0x08009258   0x00000048   Code   RO         7583    i.sys_timeouts_mbox_fetch  timeouts.o
    0x080092a0   0x00000170   Code   RO         7109    i.tcp_abandon       tcp.o
    0x08009410   0x00000006   Code   RO         7110    i.tcp_abort         tcp.o
    0x08009416   0x0000000e   Code   RO         7111    i.tcp_accept        tcp.o
    0x08009424   0x0000000e   Code   RO         7112    i.tcp_accept_null   tcp.o
    0x08009432   0x00000002   PAD
    0x08009434   0x00000104   Code   RO         7113    i.tcp_alloc         tcp.o
    0x08009538   0x00000008   Code   RO         7114    i.tcp_arg           tcp.o
    0x08009540   0x00000124   Code   RO         7115    i.tcp_bind          tcp.o
    0x08009664   0x00000014   Code   RO         7116    i.tcp_close         tcp.o
    0x08009678   0x0000018c   Code   RO         7117    i.tcp_close_shutdown  tcp.o
    0x08009804   0x000000c4   Code   RO         7118    i.tcp_close_shutdown_fin  tcp.o
    0x080098c8   0x00000120   Code   RO         7461    i.tcp_create_segment  tcp_out.o
    0x080099e8   0x00000022   Code   RO         7121    i.tcp_eff_send_mss_impl  tcp.o
    0x08009a0a   0x00000002   PAD
    0x08009a0c   0x00000210   Code   RO         7462    i.tcp_enqueue_flags  tcp_out.o
    0x08009c1c   0x000000a4   Code   RO         7122    i.tcp_err           tcp.o
    0x08009cc0   0x0000006c   Code   RO         7123    i.tcp_fasttmr       tcp.o
    0x08009d2c   0x00000030   Code   RO         7382    i.tcp_getoptbyte    tcp_in.o
    0x08009d5c   0x00000002   Code   RO         7124    i.tcp_init          tcp.o
    0x08009d5e   0x00000002   PAD
    0x08009d60   0x000005dc   Code   RO         7383    i.tcp_input         tcp_in.o
    0x0800a33c   0x00000040   Code   RO         7384    i.tcp_input_delayed_close  tcp_in.o
    0x0800a37c   0x00000052   Code   RO         7463    i.tcp_keepalive     tcp_out.o
    0x0800a3ce   0x00000002   PAD
    0x0800a3d0   0x000000bc   Code   RO         7125    i.tcp_kill_state    tcp.o
    0x0800a48c   0x000000cc   Code   RO         7126    i.tcp_listen_closed  tcp.o
    0x0800a558   0x000000f4   Code   RO         7385    i.tcp_listen_input  tcp_in.o
    0x0800a64c   0x00000124   Code   RO         7128    i.tcp_listen_with_backlog_and_err  tcp.o
    0x0800a770   0x0000004c   Code   RO         7129    i.tcp_netif_ip_addr_changed  tcp.o
    0x0800a7bc   0x00000022   Code   RO         7130    i.tcp_netif_ip_addr_changed_pcblist  tcp.o
    0x0800a7de   0x00000006   Code   RO         7132    i.tcp_new_ip_type   tcp.o
    0x0800a7e4   0x0000005c   Code   RO         7133    i.tcp_new_port      tcp.o
    0x0800a840   0x00000010   Code   RO         7134    i.tcp_next_iss      tcp.o
    0x0800a850   0x000002d4   Code   RO         7464    i.tcp_output        tcp_out.o
    0x0800ab24   0x00000110   Code   RO         7465    i.tcp_output_alloc_header  tcp_out.o
    0x0800ac34   0x000000b0   Code   RO         7466    i.tcp_output_segment  tcp_out.o
    0x0800ace4   0x00000074   Code   RO         7386    i.tcp_parseopt      tcp_in.o
    0x0800ad58   0x000000d8   Code   RO         7467    i.tcp_pbuf_prealloc  tcp_out.o
    0x0800ae30   0x0000003a   Code   RO         7135    i.tcp_pcb_purge     tcp.o
    0x0800ae6a   0x00000002   PAD
    0x0800ae6c   0x00000108   Code   RO         7136    i.tcp_pcb_remove    tcp.o
    0x0800af74   0x0000009c   Code   RO         7137    i.tcp_poll          tcp.o
    0x0800b010   0x00000488   Code   RO         7387    i.tcp_process       tcp_in.o
    0x0800b498   0x0000006a   Code   RO         7138    i.tcp_process_refused_data  tcp.o
    0x0800b502   0x00000002   PAD
    0x0800b504   0x00000678   Code   RO         7388    i.tcp_receive       tcp_in.o
    0x0800bb7c   0x000000a0   Code   RO         7139    i.tcp_recv          tcp.o
    0x0800bc1c   0x00000024   Code   RO         7140    i.tcp_recv_null     tcp.o
    0x0800bc40   0x00000110   Code   RO         7141    i.tcp_recved        tcp.o
    0x0800bd50   0x00000056   Code   RO         7468    i.tcp_rexmit        tcp_out.o
    0x0800bda6   0x00000058   Code   RO         7469    i.tcp_rexmit_fast   tcp_out.o
    0x0800bdfe   0x00000030   Code   RO         7470    i.tcp_rexmit_rto    tcp_out.o
    0x0800be2e   0x00000002   PAD
    0x0800be30   0x00000120   Code   RO         7471    i.tcp_rst           tcp_out.o
    0x0800bf50   0x0000001c   Code   RO         7142    i.tcp_seg_free      tcp.o
    0x0800bf6c   0x00000012   Code   RO         7143    i.tcp_segs_free     tcp.o
    0x0800bf7e   0x00000072   Code   RO         7472    i.tcp_send_empty_ack  tcp_out.o
    0x0800bff0   0x00000044   Code   RO         7473    i.tcp_send_fin      tcp_out.o
    0x0800c034   0x000000a0   Code   RO         7144    i.tcp_sent          tcp.o
    0x0800c0d4   0x0000004e   Code   RO         7146    i.tcp_shutdown      tcp.o
    0x0800c122   0x00000002   PAD
    0x0800c124   0x000004bc   Code   RO         7147    i.tcp_slowtmr       tcp.o
    0x0800c5e0   0x00000034   Code   RO         7585    i.tcp_timer_needed  timeouts.o
    0x0800c614   0x00000068   Code   RO         7389    i.tcp_timewait_input  tcp_in.o
    0x0800c67c   0x00000020   Code   RO         7148    i.tcp_tmr           tcp.o
    0x0800c69c   0x00000010   Code   RO         7390    i.tcp_trigger_input_pcb_close  tcp_in.o
    0x0800c6ac   0x000000c0   Code   RO         7150    i.tcp_update_rcv_ann_wnd  tcp.o
    0x0800c76c   0x00000690   Code   RO         7474    i.tcp_write         tcp_out.o
    0x0800cdfc   0x00000140   Code   RO         7475    i.tcp_write_checks  tcp_out.o
    0x0800cf3c   0x000000ae   Code   RO         7476    i.tcp_zero_window_probe  tcp_out.o
    0x0800cfea   0x00000002   PAD
    0x0800cfec   0x000000b4   Code   RO         8699    i.tcpecho_thread    applicationtask.o
    0x0800d0a0   0x00000110   Code   RO         6223    i.tcpip_init        tcpip.o
    0x0800d1b0   0x000000c0   Code   RO         6224    i.tcpip_inpkt       tcpip.o
    0x0800d270   0x0000001c   Code   RO         6225    i.tcpip_input       tcpip.o
    0x0800d28c   0x00000020   Code   RO         6226    i.tcpip_send_msg_wait_sem  tcpip.o
    0x0800d2ac   0x00000038   Code   RO         7586    i.tcpip_tcp_timer   timeouts.o
    0x0800d2e4   0x000000f8   Code   RO         6227    i.tcpip_thread      tcpip.o
    0x0800d3dc   0x000000b8   Code   RO         7657    i.udp_bind          udp.o
    0x0800d494   0x00000002   Code   RO         7660    i.udp_init          udp.o
    0x0800d496   0x00000002   PAD
    0x0800d498   0x0000019c   Code   RO         7661    i.udp_input         udp.o
    0x0800d634   0x00000034   Code   RO         7662    i.udp_netif_ip_addr_changed  udp.o
    0x0800d668   0x0000001a   Code   RO         7663    i.udp_new           udp.o
    0x0800d682   0x00000004   Code   RO         7664    i.udp_new_ip_type   udp.o
    0x0800d686   0x00000006   Code   RO         7665    i.udp_recv          udp.o
    0x0800d68c   0x00000024   Code   RO         4018    i.uxListRemove      list.o
    0x0800d6b0   0x00000028   Code   RO         4059    i.uxQueueMessagesWaiting  queue.o
    0x0800d6d8   0x0000001a   Code   RO         4060    i.uxQueueMessagesWaitingFromISR  queue.o
    0x0800d6f2   0x00000016   Code   RO         4019    i.vListInitialise   list.o
    0x0800d708   0x00000006   Code   RO         4020    i.vListInitialiseItem  list.o
    0x0800d70e   0x00000030   Code   RO         4021    i.vListInsert       list.o
    0x0800d73e   0x00000018   Code   RO         4022    i.vListInsertEnd    list.o
    0x0800d756   0x00000002   PAD
    0x0800d758   0x00000048   Code   RO         3856    i.vPortEnterCritical  port.o
    0x0800d7a0   0x0000002c   Code   RO         3857    i.vPortExitCritical  port.o
    0x0800d7cc   0x00000064   Code   RO         3785    i.vPortFree         heap_4.o
    0x0800d830   0x00000020   Code   RO         3858    i.vPortSetupTimerInterrupt  port.o
    0x0800d850   0x0000005c   Code   RO         3859    i.vPortValidateInterruptPriority  port.o
    0x0800d8ac   0x00000028   Code   RO         4063    i.vQueueDelete      queue.o
    0x0800d8d4   0x00000028   Code   RO         4064    i.vQueueUnregisterQueue  queue.o
    0x0800d8fc   0x00000050   Code   RO         4215    i.vTaskDelay        tasks.o
    0x0800d94c   0x0000000c   Code   RO         4218    i.vTaskMissedYield  tasks.o
    0x0800d958   0x00000034   Code   RO         4220    i.vTaskPlaceOnEventList  tasks.o
    0x0800d98c   0x00000088   Code   RO         4222    i.vTaskPriorityInherit  tasks.o
    0x0800da14   0x00000028   Code   RO         4225    i.vTaskSetTimeOutState  tasks.o
    0x0800da3c   0x00000070   Code   RO         4226    i.vTaskStartScheduler  tasks.o
    0x0800daac   0x00000010   Code   RO         4228    i.vTaskSuspendAll   tasks.o
    0x0800dabc   0x00000060   Code   RO         4229    i.vTaskSwitchContext  tasks.o
    0x0800db1c   0x000000a8   Code   RO         3860    i.xPortStartScheduler  port.o
    0x0800dbc4   0x00000030   Code   RO         3861    i.xPortSysTickHandler  port.o
    0x0800dbf4   0x00000024   Code   RO         4065    i.xQueueCreateMutex  queue.o
    0x0800dc18   0x0000004c   Code   RO         4066    i.xQueueGenericCreate  queue.o
    0x0800dc64   0x0000017c   Code   RO         4067    i.xQueueGenericReceive  queue.o
    0x0800dde0   0x00000098   Code   RO         4068    i.xQueueGenericReset  queue.o
    0x0800de78   0x00000170   Code   RO         4069    i.xQueueGenericSend  queue.o
    0x0800dfe8   0x000000cc   Code   RO         4070    i.xQueueGenericSendFromISR  queue.o
    0x0800e0b4   0x000000ac   Code   RO         4072    i.xQueueGiveFromISR  queue.o
    0x0800e160   0x000000a8   Code   RO         4076    i.xQueueReceiveFromISR  queue.o
    0x0800e208   0x00000074   Code   RO         4230    i.xTaskCheckForTimeOut  tasks.o
    0x0800e27c   0x00000056   Code   RO         4231    i.xTaskCreate       tasks.o
    0x0800e2d2   0x00000002   PAD
    0x0800e2d4   0x0000001c   Code   RO         4235    i.xTaskGetSchedulerState  tasks.o
    0x0800e2f0   0x0000000c   Code   RO         4236    i.xTaskGetTickCount  tasks.o
    0x0800e2fc   0x00000010   Code   RO         4237    i.xTaskGetTickCountFromISR  tasks.o
    0x0800e30c   0x000000cc   Code   RO         4238    i.xTaskIncrementTick  tasks.o
    0x0800e3d8   0x000000a8   Code   RO         4241    i.xTaskPriorityDisinherit  tasks.o
    0x0800e480   0x00000078   Code   RO         4242    i.xTaskRemoveFromEventList  tasks.o
    0x0800e4f8   0x000000c8   Code   RO         4244    i.xTaskResumeAll    tasks.o
    0x0800e5c0   0x00000014   Data   RO          375    .constdata          freertos.o
    0x0800e5d4   0x00000014   Data   RO          547    .constdata          ethernetif.o
    0x0800e5e8   0x00000008   Data   RO         2722    .constdata          stm32f7xx_hal_dma.o
    0x0800e5f0   0x00000010   Data   RO         3749    .constdata          system_stm32f7xx.o
    0x0800e600   0x00000008   Data   RO         3750    .constdata          system_stm32f7xx.o
    0x0800e608   0x00000006   Data   RO         5306    .constdata          ethernet.o
    0x0800e60e   0x00000006   Data   RO         5307    .constdata          ethernet.o
    0x0800e614   0x0000000c   Data   RO         6631    .constdata          memp.o
    0x0800e620   0x0000000c   Data   RO         6632    .constdata          memp.o
    0x0800e62c   0x0000000c   Data   RO         6633    .constdata          memp.o
    0x0800e638   0x0000000c   Data   RO         6634    .constdata          memp.o
    0x0800e644   0x0000000c   Data   RO         6635    .constdata          memp.o
    0x0800e650   0x0000000c   Data   RO         6636    .constdata          memp.o
    0x0800e65c   0x0000000c   Data   RO         6637    .constdata          memp.o
    0x0800e668   0x0000000c   Data   RO         6638    .constdata          memp.o
    0x0800e674   0x0000000c   Data   RO         6639    .constdata          memp.o
    0x0800e680   0x0000000c   Data   RO         6640    .constdata          memp.o
    0x0800e68c   0x0000000c   Data   RO         6641    .constdata          memp.o
    0x0800e698   0x0000000c   Data   RO         6642    .constdata          memp.o
    0x0800e6a4   0x0000000c   Data   RO         6643    .constdata          memp.o
    0x0800e6b0   0x00000034   Data   RO         6644    .constdata          memp.o
    0x0800e6e4   0x00000054   Data   RO         7151    .constdata          tcp.o
    0x0800e738   0x00000018   Data   RO         7587    .constdata          timeouts.o
    0x0800e750   0x00000004   Data   RO         8028    .constdata          ip4_addr.o
    0x0800e754   0x0000000c   Data   RO         8363    .constdata          sys_arch.o
    0x0800e760   0x0000000c   Data   RO          376    .conststring        freertos.o
    0x0800e76c   0x00000006   Data   RO          548    .conststring        ethernetif.o
    0x0800e772   0x00000002   PAD
    0x0800e774   0x00000075   Data   RO         7152    .conststring        tcp.o
    0x0800e7e9   0x00000003   PAD
    0x0800e7ec   0x00000055   Data   RO         7477    .conststring        tcp_out.o
    0x0800e841   0x00000003   PAD
    0x0800e844   0x00000041   Data   RO         7821    .conststring        etharp.o
    0x0800e885   0x00000003   PAD
    0x0800e888   0x0000000b   Data   RO         8701    .conststring        applicationtask.o
    0x0800e893   0x00000001   PAD
    0x0800e894   0x00000020   Data   RO         9055    Region$$Table       anon$$obj.o


    Execution Region RW_IRAM1 (Base: 0x20000000, Size: 0x00018f10, Max: 0x00080000, ABSOLUTE, COMPRESSED[0x00000020])

    Base Addr    Size         Type   Attr      Idx    E Section Name        Object

    0x20000000   0x00000004   Data   RW          377    .data               freertos.o
    0x20000004   0x00000018   Data   RW          465    .data               lwip.o
    0x2000001c   0x00000004   Data   RW          549    .data               ethernetif.o
    0x20000020   0x0000000c   Data   RW         3101    .data               stm32f7xx_hal.o
    0x2000002c   0x00000004   Data   RW         3751    .data               system_stm32f7xx.o
    0x20000030   0x00000018   Data   RW         3790    .data               heap_4.o
    0x20000048   0x0000000c   Data   RW         3862    .data               port.o
    0x20000054   0x0000003c   Data   RW         4247    .data               tasks.o
    0x20000090   0x00000001   Data   RW         5666    .data               api_msg.o
    0x20000091   0x00000003   PAD
    0x20000094   0x00000010   Data   RW         6229    .data               tcpip.o
    0x200000a4   0x00000010   Data   RW         6550    .data               mem.o
    0x200000b4   0x00000004   Data   RW         6645    .data               memp.o
    0x200000b8   0x00000004   Data   RW         6646    .data               memp.o
    0x200000bc   0x00000004   Data   RW         6647    .data               memp.o
    0x200000c0   0x00000004   Data   RW         6648    .data               memp.o
    0x200000c4   0x00000004   Data   RW         6649    .data               memp.o
    0x200000c8   0x00000004   Data   RW         6650    .data               memp.o
    0x200000cc   0x00000004   Data   RW         6651    .data               memp.o
    0x200000d0   0x00000004   Data   RW         6652    .data               memp.o
    0x200000d4   0x00000004   Data   RW         6653    .data               memp.o
    0x200000d8   0x00000004   Data   RW         6654    .data               memp.o
    0x200000dc   0x00000004   Data   RW         6655    .data               memp.o
    0x200000e0   0x00000004   Data   RW         6656    .data               memp.o
    0x200000e4   0x00000004   Data   RW         6657    .data               memp.o
    0x200000e8   0x0000000c   Data   RW         6769    .data               netif.o
    0x200000f4   0x00000020   Data   RW         7153    .data               tcp.o
    0x20000114   0x00000024   Data   RW         7392    .data               tcp_in.o
    0x20000138   0x0000000c   Data   RW         7588    .data               timeouts.o
    0x20000144   0x00000008   Data   RW         7671    .data               udp.o
    0x2000014c   0x00000001   Data   RW         7822    .data               etharp.o
    0x2000014d   0x00000001   PAD
    0x2000014e   0x00000002   Data   RW         7973    .data               ip4.o
    0x20000150   0x00000008   Data   RW         8096    .data               ip4_frag.o
    0x20000158   0x00000004   Data   RW         8365    .data               sys_arch.o
    0x2000015c   0x00000008   Data   RW         8702    .data               applicationtask.o
    0x20000164   0x00000004   Data   RW         9031    .data               mc_w.l(stdout.o)
    0x20000168   0x00000030   Zero   RW          464    .bss                lwip.o
    0x20000198   0x000030e8   Zero   RW          546    .bss                ethernetif.o
    0x20003280   0x00000130   Zero   RW          653    .bss                usart.o
    0x200033b0   0x00000040   Zero   RW          785    .bss                stm32f7xx_hal_timebase_tim.o
    0x200033f0   0x00003c00   Zero   RW         3789    .bss                heap_4.o
    0x20006ff0   0x00000040   Zero   RW         4077    .bss                queue.o
    0x20007030   0x000000f0   Zero   RW         4246    .bss                tasks.o
    0x20007120   0x00000018   Zero   RW         6519    .bss                ip.o
    0x20007138   0x0000a013   Zero   RW         6549    .bss                mem.o
    0x2001114b   0x00000083   Zero   RW         6618    .bss                memp.o
    0x200111ce   0x000002e7   Zero   RW         6619    .bss                memp.o
    0x200114b5   0x000000e3   Zero   RW         6620    .bss                memp.o
    0x20011598   0x00000113   Zero   RW         6621    .bss                memp.o
    0x200116ab   0x000000a3   Zero   RW         6622    .bss                memp.o
    0x2001174e   0x0000016b   Zero   RW         6623    .bss                memp.o
    0x200118b9   0x00000023   Zero   RW         6624    .bss                memp.o
    0x200118dc   0x000000c3   Zero   RW         6625    .bss                memp.o
    0x2001199f   0x00000083   Zero   RW         6626    .bss                memp.o
    0x20011a22   0x00000083   Zero   RW         6627    .bss                memp.o
    0x20011aa5   0x00000033   Zero   RW         6628    .bss                memp.o
    0x20011ad8   0x00000103   Zero   RW         6629    .bss                memp.o
    0x20011bdb   0x0000422f   Zero   RW         6630    .bss                memp.o
    0x20015e0a   0x00000002   PAD
    0x20015e0c   0x00000010   Zero   RW         7391    .bss                tcp_in.o
    0x20015e1c   0x000000f0   Zero   RW         7820    .bss                etharp.o
    0x20015f0c   0x00000004   PAD
    0x20015f10   0x00003000   Zero   RW            1    STACK               startup_stm32f769xx.o


==============================================================================

Image component sizes


      Code (inc. data)   RO Data    RW Data    ZI Data      Debug   Object Name

      1066        638          0          0          0      28939   api_lib.o
      4656       1912          0          1          0      31535   api_msg.o
       212         82         11          8          0       4957   applicationtask.o
         0          0          0          0          0       1628   auth.o
       892         34          0          0          0      25821   cmsis_os.o
         8          0          0          0          0       1138   def.o
        60          4          0          0          0        794   dma.o
         0          0          0          0          0       2348   err.o
      2904       1170         65          1        240      12923   etharp.o
       408        156         12          0          0       2770   ethernet.o
      1016        152         26          4      12520       7056   ethernetif.o
         0          0          0          0          0       8108   event_groups.o
        56         10         32          4          0       6346   freertos.o
      1348         78          0          0          0       1767   gpio.o
       484         24          0         24      15360       8987   heap_4.o
       772        350          0          0          0       4498   icmp.o
        34          0          0          0          0        592   init.o
         0          0          0          0         24       3078   ip.o
       910        182          0          2          0       5172   ip4.o
        46          0          4          0          0       7050   ip4_addr.o
      2696       1020          0          8          0      11734   ip4_frag.o
       136          0          0          0          0       3638   list.o
       252         18          0         24         48       1477   lwip.o
       246         24          0          0          0    1066236   main.o
      1840        920          0         16      40979       6093   mem.o
       746        500        208         52      19647      11184   memp.o
        34          0          0          0          0       9308   netbuf.o
       474        132          0         12          0       9905   netif.o
      3442       1818          0          0          0      13178   pbuf.o
       738         82          0         12          0      12013   port.o
      1982         18          0          0         64      19817   queue.o
         0          0          0          0          0       4223   slipif.o
        36          8        504          0      12288        852   startup_stm32f769xx.o
        86         14          0         12          0       3378   stm32f7xx_hal.o
       218         12          0          0          0      36237   stm32f7xx_hal_cortex.o
       804         16          8          0          0       4895   stm32f7xx_hal_dma.o
      2006         64          0          0          0      12864   stm32f7xx_hal_eth.o
       472         54          0          0          0       1944   stm32f7xx_hal_gpio.o
       132          6          0          0          0        934   stm32f7xx_hal_msp.o
      1368         82          0          0          0       6405   stm32f7xx_hal_rcc.o
      1340         22          0          0          0       2352   stm32f7xx_hal_rcc_ex.o
       674         46          0          0          0       7380   stm32f7xx_hal_tim.o
         4          0          0          0          0       1722   stm32f7xx_hal_tim_ex.o
       116         16          0          0         64       1504   stm32f7xx_hal_timebase_tim.o
      1802         74          0          0          0      11280   stm32f7xx_hal_uart.o
        64         30          0          0          0       6341   stm32f7xx_it.o
       388         26         12          4          0      16991   sys_arch.o
        84         16         24          4          0       1279   system_stm32f7xx.o
      2156        182          0         60        240      24292   tasks.o
      5562       2310        201         32          0      38260   tcp.o
      4908       1118          0         36         16      19251   tcp_in.o
      5152       1722         85          0          0      27770   tcp_out.o
       772        434          0         16          0       6793   tcpip.o
       664        226         24         12          0       6960   timeouts.o
       686        132          0          8          0       7923   udp.o
       356         66          0          0        304       2524   usart.o

    ----------------------------------------------------------------------
     57388      16000       1260        356     101800    1584444   Object Totals
         0          0         32          0          0          0   (incl. Generated)
        80          0         12          4          6          0   (incl. Padding)

    ----------------------------------------------------------------------

      Code (inc. data)   RO Data    RW Data    ZI Data      Debug   Library Member Name

        58          0          0          0          0          0   __dczerorl.o
         0          0          0          0          0          0   entry.o
         0          0          0          0          0          0   entry10a.o
         0          0          0          0          0          0   entry11a.o
         8          4          0          0          0          0   entry2.o
         4          0          0          0          0          0   entry5.o
         0          0          0          0          0          0   entry7b.o
         0          0          0          0          0          0   entry8b.o
         8          4          0          0          0          0   entry9a.o
        30          0          0          0          0          0   handlers.o
        36          8          0          0          0         68   init.o
        30          0          0          0          0         68   llshl.o
        32          0          0          0          0         68   llushr.o
        26          0          0          0          0         80   memcmp.o
        36          0          0          0          0         68   memcpya.o
        36          0          0          0          0        108   memseta.o
       472         14          0          0          0        184   printf3.o
         0          0          0          4          0          0   stdout.o
        44          0          0          0          0         80   uidiv.o
        98          0          0          0          0         92   uldiv.o

    ----------------------------------------------------------------------
       924         30          0          4          0        816   Library Totals
         6          0          0          0          0          0   (incl. Padding)

    ----------------------------------------------------------------------

      Code (inc. data)   RO Data    RW Data    ZI Data      Debug   Library Name

       918         30          0          4          0        816   mc_w.l

    ----------------------------------------------------------------------
       924         30          0          4          0        816   Library Totals

    ----------------------------------------------------------------------

==============================================================================


      Code (inc. data)   RO Data    RW Data    ZI Data      Debug   

     58312      16030       1260        360     101800    1550180   Grand Totals
     58312      16030       1260         32     101800    1550180   ELF Image Totals (compressed)
     58312      16030       1260         32          0          0   ROM Totals

==============================================================================

    Total RO  Size (Code + RO Data)                59572 (  58.18kB)
    Total RW  Size (RW Data + ZI Data)            102160 (  99.77kB)
    Total ROM Size (Code + RO Data + RW Data)      59604 (  58.21kB)

==============================================================================

